2026-08-16T10:43:43+1000  INFO  --- capture-hw -> docs/hw-reference/20260816-104343 ---
2026-08-16T10:43:43+1000  INFO    uname.txt                    <- uname -a                                           (0 lines)
2026-08-16T10:43:43+1000  INFO    version.txt                  <- cat /usr/lib/version 2>/dev/null; cat /etc/version (2 lines)
2026-08-16T10:43:44+1000  INFO    cmdline.txt                  <- cat /proc/cmdline                                  (0 lines)
2026-08-16T10:43:44+1000  INFO    cpuinfo.txt                  <- cat /proc/cpuinfo                                  (0 lines)
2026-08-16T10:43:44+1000  INFO    meminfo.txt                  <- cat /proc/meminfo                                  (0 lines)
2026-08-16T10:43:44+1000  INFO    iomem.txt                    <- cat /proc/iomem                                    (0 lines)
2026-08-16T10:43:44+1000  INFO    interrupts.txt               <- cat /proc/interrupts                               (0 lines)
2026-08-16T10:43:45+1000  INFO    mtd.txt                      <- cat /proc/mtd                                      (0 lines)
2026-08-16T10:43:45+1000  INFO    mdstat.txt                   <- cat /proc/mdstat                                   (0 lines)
2026-08-16T10:43:45+1000  INFO    modules.txt                  <- lsmod                                              (0 lines)
2026-08-16T10:43:45+1000  INFO    partitions.txt               <- cat /proc/partitions                               (0 lines)
2026-08-16T10:43:45+1000  INFO    mounts.txt                   <- cat /proc/mounts                                   (0 lines)
2026-08-16T10:43:46+1000  INFO    lspci.txt                    <- lspci -vnn 2>/dev/null || for d in /sys/bus/pci/de (0 lines)
2026-08-16T10:43:46+1000  INFO    lsusb.txt                    <- lsusb 2>/dev/null || for d in /sys/bus/usb/devices (4 lines)
2026-08-16T10:43:46+1000  INFO    ip-link.txt                  <- ip -d link show                                    (0 lines)
2026-08-16T10:43:46+1000  INFO    ip-addr.txt                  <- ip -4 addr show                                    (0 lines)
2026-08-16T10:43:46+1000  INFO    net-ifaces.txt               <- ls -l /sys/class/net                               (0 lines)
2026-08-16T10:43:46+1000  INFO    ubnthal.txt                  <- cat /proc/ubnthal/system.info 2>/dev/null          (21 lines)
2026-08-16T10:43:46+1000  INFO    i2c-devices.txt              <- i2cdetect -l 2>/dev/null; echo ---; for n in /sys/ (0 lines)
2026-08-16T10:43:47+1000  INFO    hwmon.txt                    <- for h in /sys/class/hwmon/hwmon*; do echo == $h $( (11 lines)
2026-08-16T10:43:47+1000  INFO    gpio.txt                     <- cat /sys/kernel/debug/gpio 2>/dev/null || (mount - (0 lines)
2026-08-16T10:43:47+1000  INFO    thermal.txt                  <- for t in /sys/class/thermal/thermal_zone*; do echo (0 lines)
2026-08-16T10:43:47+1000  INFO    blockdev.txt                 <- lsblk -o NAME,SIZE,TYPE,FSTYPE,MODEL,SERIAL 2>/dev (0 lines)
2026-08-16T10:43:47+1000  INFO    dt-nodes.txt                 <- find /proc/device-tree -maxdepth 2 -type d | sort  (0 lines)
2026-08-16T10:43:51+1000  INFO    dmesg.txt                    <- dmesg                                              (0 lines)
2026-08-16T10:43:51+1000  INFO    ethtool-eth0.txt             <- ethtool eth0 2>/dev/null; echo ---MODULE---; ethto (0 lines)
2026-08-16T10:43:51+1000  INFO    ethtool-eth1.txt             <- ethtool eth1 2>/dev/null; echo ---MODULE---; ethto (4 lines)
2026-08-16T10:43:55+1000  INFO    live.dtb                     <- /sys/firmware/fdt                                  (0 bytes)
2026-08-16T10:43:55+1000  INFO  done. 28 files in docs/hw-reference/20260816-104343
2026-08-16T10:46:01+1000  INFO  --- capture-hw -> docs/hw-reference/20260816-104601 ---
2026-08-16T10:46:03+1000  INFO    uname.txt                    <- uname -a                                           (1 lines)
2026-08-16T10:46:04+1000  INFO    version.txt                  <- cat /usr/lib/version 2>/dev/null; cat /etc/version (1 lines)
2026-08-16T10:46:05+1000  INFO    cmdline.txt                  <- cat /proc/cmdline                                  (1 lines)
2026-08-16T10:46:06+1000  INFO    cpuinfo.txt                  <- cat /proc/cpuinfo                                  (35 lines)
2026-08-16T10:46:07+1000  INFO    meminfo.txt                  <- cat /proc/meminfo                                  (44 lines)
2026-08-16T10:46:09+1000  INFO    iomem.txt                    <- cat /proc/iomem                                    (59 lines)
2026-08-16T10:46:10+1000  INFO    interrupts.txt               <- cat /proc/interrupts                               (53 lines)
2026-08-16T10:46:11+1000  INFO    mtd.txt                      <- cat /proc/mtd                                      (13 lines)
2026-08-16T10:46:12+1000  INFO    mdstat.txt                   <- cat /proc/mdstat                                   (2 lines)
2026-08-16T10:46:14+1000  INFO    modules.txt                  <- lsmod                                              (27 lines)
2026-08-16T10:46:15+1000  INFO    partitions.txt               <- cat /proc/partitions                               (16 lines)
2026-08-16T10:46:16+1000  INFO    mounts.txt                   <- cat /proc/mounts                                   (20 lines)
2026-08-16T10:46:18+1000  INFO    lspci.txt                    <- lspci -vnn 2>/dev/null || for d in /sys/bus/pci/de (98 lines)
2026-08-16T10:46:19+1000  INFO    lsusb.txt                    <- lsusb 2>/dev/null || for d in /sys/bus/usb/devices (3 lines)
2026-08-16T10:46:20+1000  INFO    ip-link.txt                  <- ip -d link show                                    (6 lines)
2026-08-16T10:46:21+1000  INFO    ip-addr.txt                  <- ip -4 addr show                                    (9 lines)
2026-08-16T10:46:22+1000  INFO    net-ifaces.txt               <- ls -l /sys/class/net                               (4 lines)
2026-08-16T10:46:23+1000  INFO    ubnthal.txt                  <- cat /proc/ubnthal/system.info 2>/dev/null          (20 lines)
2026-08-16T10:46:24+1000  INFO    i2c-devices.txt              <- i2cdetect -l 2>/dev/null; echo ---; for n in /sys/ (19 lines)
2026-08-16T10:46:26+1000  INFO    hwmon.txt                    <- for h in /sys/class/hwmon/hwmon*; do echo == $h $( (10 lines)
2026-08-16T10:46:27+1000  INFO    gpio.txt                     <- cat /sys/kernel/debug/gpio 2>/dev/null || (mount - (34 lines)
2026-08-16T10:46:28+1000  INFO    thermal.txt                  <- for t in /sys/class/thermal/thermal_zone*; do echo (1 lines)
2026-08-16T10:46:29+1000  INFO    blockdev.txt                 <- lsblk -o NAME,SIZE,TYPE,FSTYPE,MODEL,SERIAL 2>/dev (14 lines)
2026-08-16T10:46:30+1000  INFO    dt-nodes.txt                 <- find /proc/device-tree -maxdepth 2 -type d | sort  (0 lines)
2026-08-16T10:46:35+1000  INFO    dmesg.txt                    <- dmesg                                              (513 lines)
2026-08-16T10:46:36+1000  INFO    ethtool-eth0.txt             <- ethtool eth0 2>/dev/null; echo ---MODULE---; ethto (3 lines)
2026-08-16T10:46:37+1000  INFO    ethtool-eth1.txt             <- ethtool eth1 2>/dev/null; echo ---MODULE---; ethto (3 lines)
2026-08-16T10:46:42+1000  INFO    live.dtb                     <- /sys/firmware/fdt                                  (28672 bytes)
2026-08-16T10:46:42+1000  INFO  done. 28 files in docs/hw-reference/20260816-104601
