dispatch @0x01001718  base sysid 0xea16  27 slots  table 0x01001720
boardid read from SPI-NOR EEPROM partition flash off 0x1F000C (BE)
sysid    instance DTB
0xea17   255      INVALID (error path)
0xea18   255      INVALID (error path)
0xea19   255      INVALID (error path)
0xea1b   255      INVALID (error path)
0xea1c   255      INVALID (error path)
0xea1d   255      INVALID (error path)
0xea1e   255      INVALID (error path)
0xea1f   255      INVALID (error path)
0xea22   255      INVALID (error path)
0xea23   255      INVALID (error path)
0xea24   255      INVALID (error path)
0xea25   255      INVALID (error path)
0xea26   255      INVALID (error path)
0xea27   255      INVALID (error path)
0xea28   255      INVALID (error path)
0xea29   255      INVALID (error path)
0xea2a   255      INVALID (error path)
0xea2b   255      INVALID (error path)
0xea2c   255      INVALID (error path)
0xea2d   255      INVALID (error path)
0xea2e   255      INVALID (error path)
0xea2f   255      INVALID (error path)
dispatch @0x01001718  base sysid 0xea16  12 slots  table 0x01001720
boardid read from SPI-NOR EEPROM partition flash off 0x1F000C (BE)
sysid    instance DTB
0xea17   255      INVALID (error path)
0xea18   255      INVALID (error path)
0xea19   255      INVALID (error path)
0xea1b   255      INVALID (error path)
0xea1c   255      INVALID (error path)
0xea1d   255      INVALID (error path)
0xea1e   255      INVALID (error path)
0xea1f   255      INVALID (error path)
dispatch @0x01001718  base sysid 0xea16  27 slots  table 0x01001720
boardid read from SPI-NOR EEPROM partition flash off 0x1F000C (BE)
sysid    instance DTB
0xea16   0        dt (one nas v5.0)
0xea17   255      INVALID (error path)
0xea18   255      INVALID (error path)
0xea19   255      INVALID (error path)
0xea1a   3        dt_bt (one nas bt)
0xea1b   255      INVALID (error path)
0xea1c   255      INVALID (error path)
0xea1d   255      INVALID (error path)
0xea1e   255      INVALID (error path)
0xea1f   255      INVALID (error path)
0xea20   1        dt_pro (one nas pro)
0xea21   2        dt_ai (one nas ai)
0xea22   255      INVALID (error path)
0xea23   255      INVALID (error path)
0xea24   255      INVALID (error path)
0xea25   255      INVALID (error path)
0xea26   255      INVALID (error path)
0xea27   255      INVALID (error path)
0xea28   255      INVALID (error path)
0xea29   255      INVALID (error path)
0xea2a   255      INVALID (error path)
0xea2b   255      INVALID (error path)
0xea2c   255      INVALID (error path)
0xea2d   255      INVALID (error path)
0xea2e   255      INVALID (error path)
0xea2f   255      INVALID (error path)
0xea30   4        dt_hd (one nas hd)
dispatch @0x01001718  base sysid 0xea16  12 slots  table 0x01001720
boardid read from SPI-NOR EEPROM partition flash off 0x1F000C (BE)
sysid    instance DTB
0xea16   0        dt (one nas v5.0)
0xea17   255      INVALID (error path)
0xea18   255      INVALID (error path)
0xea19   255      INVALID (error path)
0xea1a   3        dt_bt (one nas bt)
0xea1b   255      INVALID (error path)
0xea1c   255      INVALID (error path)
0xea1d   255      INVALID (error path)
0xea1e   255      INVALID (error path)
0xea1f   255      INVALID (error path)
0xea20   1        dt_pro (one nas pro)
0xea21   2        dt_ai (one nas ai)
dispatch pattern not found
dispatch @0x01001718  base sysid 0xea16  27 slots  table 0x01001720
boardid read from SPI-NOR EEPROM partition flash off 0x1F000C (BE)
sysid    instance DTB
0xea16   0        dt (one nas v5.0)
0xea17   255      INVALID (error path)
0xea18   255      INVALID (error path)
0xea19   255      INVALID (error path)
0xea1a   3        dt_bt (one nas bt)
0xea1b   255      INVALID (error path)
0xea1c   255      INVALID (error path)
0xea1d   255      INVALID (error path)
0xea1e   255      INVALID (error path)
0xea1f   255      INVALID (error path)
0xea20   1        dt_pro (one nas pro)
0xea21   2        dt_ai (one nas ai)
0xea22   255      INVALID (error path)
0xea23   255      INVALID (error path)
0xea24   255      INVALID (error path)
0xea25   255      INVALID (error path)
0xea26   255      INVALID (error path)
0xea27   255      INVALID (error path)
0xea28   255      INVALID (error path)
0xea29   255      INVALID (error path)
0xea2a   255      INVALID (error path)
0xea2b   255      INVALID (error path)
0xea2c   255      INVALID (error path)
0xea2d   255      INVALID (error path)
0xea2e   255      INVALID (error path)
0xea2f   255      INVALID (error path)
0xea30   4        dt_hd (one nas hd)
