ext4ls scsi 0:2 /
count = 128 * 128 = 16384
start 0x64028, size 0x746a2d60, name 
 <2, 0, 1024>
 <8, 0, 64>
 <9392, 256, 128>
count = 128 * 128 = 16384
start 0x64028, size 0x746a2d60, name 
 <2, 0, 1024>
 <8, 0, 64>
 <9392, 256, 128>
 <74928, 0, 8>
 <74928, 8, 1>
 <8, 0, 64>
 <9392, 256, 128>
            ./
count = 128 * 128 = 16384
start 0x64028, size 0x746a2d60, name 
 <2, 0, 1024>
 <8, 0, 64>
 <9392, 256, 128>
 <74928, 12, 8>
 <74928, 20, 2>
 <8, 0, 64>
 <9392, 256, 128>
            ../
count = 128 * 128 = 16384
start 0x64028, size 0x746a2d60, name 
 <2, 0, 1024>
 <8, 0, 64>
 <9392, 256, 128>
 <74928, 24, 8>
 <74928, 32, 10>
 <8, 0, 64>
 <9397, 0, 128>
            lost+found/
count = 128 * 128 = 16384
start 0x64028, size 0x746a2d60, name 
 <2, 0, 1024>
 <8, 0, 64>
 <9392, 256, 128>
 <74928, 44, 8>
 <74928, 52, 8>
 <8, 0, 64>
 <9398, 0, 128>
     1038   .profile
count = 128 * 128 = 16384
start 0x64028, size 0x746a2d60, name 
 <2, 0, 1024>
 <8, 0, 64>
 <9392, 256, 128>
 <74928, 60, 8>
 <74928, 68, 3>
 <892, 0, 64>
 <1853882624, 0, 128>
            afs/
count = 128 * 128 = 16384
start 0x64028, size 0x746a2d60, name 
 <2, 0, 1024>
 <8, 0, 64>
 <9392, 256, 128>
 <74928, 72, 8>
 <74928, 80, 3>
 <8, 0, 64>
 <9398, 256, 128>
    <SYM>   bin
count = 128 * 128 = 16384
start 0x64028, size 0x746a2d60, name 
 <2, 0, 1024>
 <8, 0, 64>
 <9392, 256, 128>
 <74928, 84, 8>
 <74928, 92, 4>
 <732, 0, 64>
 <1518338304, 0, 128>
            boot/
count = 128 * 128 = 16384
start 0x64028, size 0x746a2d60, name 
 <2, 0, 1024>
 <8, 0, 64>
 <9392, 256, 128>
 <74928, 96, 8>
 <74928, 104, 3>
 <924, 0, 64>
 <1920991488, 0, 128>
            dev/
count = 128 * 128 = 16384
start 0x64028, size 0x746a2d60, name 
 <2, 0, 1024>
 <8, 0, 64>
 <9392, 256, 128>
 <74928, 108, 8>
 <74928, 116, 3>
 <776, 0, 64>
 <1610612992, 0, 128>
            etc/
count = 128 * 128 = 16384
start 0x64028, size 0x746a2d60, name 
 <2, 0, 1024>
 <8, 0, 64>
 <9392, 256, 128>
 <74928, 120, 8>
 <74928, 128, 4>
 <400, 0, 64>
 <822083840, 0, 128>
            home/
count = 128 * 128 = 16384
start 0x64028, size 0x746a2d60, name 
 <2, 0, 1024>
 <8, 0, 64>
 <9392, 256, 128>
 <74928, 132, 8>
 <74928, 140, 3>
 <8, 0, 64>
 <9399, 0, 128>
    <SYM>   lib
count = 128 * 128 = 16384
start 0x64028, size 0x746a2d60, name 
 <2, 0, 1024>
 <8, 0, 64>
 <9392, 256, 128>
 <74928, 144, 8>
 <74928, 152, 5>
 <8, 0, 64>
 <9399, 256, 128>
    <SYM>   lib64
count = 128 * 128 = 16384
start 0x64028, size 0x746a2d60, name 
 <2, 0, 1024>
 <8, 0, 64>
 <9392, 256, 128>
 <74928, 160, 8>
 <74928, 168, 5>
 <676, 0, 64>
 <1400897792, 0, 128>
            media/
count = 128 * 128 = 16384
start 0x64028, size 0x746a2d60, name 
 <2, 0, 1024>
 <8, 0, 64>
 <9392, 256, 128>
 <74928, 176, 8>
 <74928, 184, 3>
 <368, 0, 64>
 <754974976, 0, 128>
            mnt/
count = 128 * 128 = 16384
start 0x64028, size 0x746a2d60, name 
 <2, 0, 1024>
 <8, 0, 64>
 <9392, 256, 128>
 <74928, 188, 8>
 <74928, 196, 3>
 <360, 0, 64>
 <738197760, 0, 128>
            opt/
count = 128 * 128 = 16384
start 0x64028, size 0x746a2d60, name 
 <2, 0, 1024>
 <8, 0, 64>
 <9392, 256, 128>
 <74928, 200, 8>
 <74928, 208, 4>
 <282, 0, 64>
 <574619904, 0, 128>
            proc/
count = 128 * 128 = 16384
start 0x64028, size 0x746a2d60, name 
 <2, 0, 1024>
 <8, 0, 64>
 <9392, 256, 128>
 <74928, 212, 8>
 <74928, 220, 4>
 <332, 0, 64>
 <679477504, 0, 128>
            root/
count = 128 * 128 = 16384
start 0x64028, size 0x746a2d60, name 
 <2, 0, 1024>
 <8, 0, 64>
 <9392, 256, 128>
 <74928, 224, 8>
 <74928, 232, 3>
 <556, 0, 64>
 <1149239552, 0, 128>
            run/
count = 128 * 128 = 16384
start 0x64028, size 0x746a2d60, name 
 <2, 0, 1024>
 <8, 0, 64>
 <9392, 256, 128>
 <74928, 236, 8>
 <74928, 244, 4>
 <8, 0, 64>
 <9400, 0, 128>
    <SYM>   sbin
count = 128 * 128 = 16384
start 0x64028, size 0x746a2d60, name 
 <2, 0, 1024>
 <8, 0, 64>
 <9392, 256, 128>
 <74928, 248, 8>
 <74928, 256, 3>
 <804, 0, 64>
 <1669333248, 0, 128>
            srv/
count = 128 * 128 = 16384
start 0x64028, size 0x746a2d60, name 
 <2, 0, 1024>
 <8, 0, 64>
 <9392, 256, 128>
 <74928, 260, 8>
 <74928, 268, 3>
 <552, 0, 64>
 <1140850944, 0, 128>
            sys/
count = 128 * 128 = 16384
start 0x64028, size 0x746a2d60, name 
 <2, 0, 1024>
 <8, 0, 64>
 <9392, 256, 128>
 <74928, 272, 8>
 <74928, 280, 3>
 <772, 0, 64>
 <1602224384, 0, 128>
            tmp/
count = 128 * 128 = 16384
start 0x64028, size 0x746a2d60, name 
 <2, 0, 1024>
 <8, 0, 64>
 <9392, 256, 128>
 <74928, 284, 8>
 <74928, 292, 3>
 <362, 0, 64>
 <742392064, 0, 128>
            usr/
count = 128 * 128 = 16384
start 0x64028, size 0x746a2d60, name 
 <2, 0, 1024>
 <8, 0, 64>
 <9392, 256, 128>
 <74928, 296, 8>
 <74928, 304, 3>
 <500, 0, 64>
 <1031799040, 0, 128>
            var/
count = 128 * 128 = 16384
start 0x64028, size 0x746a2d60, name 
 <2, 0, 1024>
 <8, 0, 64>
 <9392, 256, 128>
 <74928, 308, 8>
 <74928, 316, 12>
 <8, 0, 64>
 <9400, 256, 128>
        0   .autorelabel
count = 128 * 128 = 16384
start 0x64028, size 0x746a2d60, name 
 <2, 0, 1024>
 <8, 0, 64>
 <9392, 256, 128>
 <74928, 328, 8>
 <74928, 336, 3>
 <792, 0, 64>
 <1644167424, 0, 128>
            efi/
count = 128 * 128 = 16384
start 0x64028, size 0x746a2d60, name 
 <2, 0, 1024>
 <8, 0, 64>
 <9392, 256, 128>
 <74935, 500, 8>
count = 128 * 128 = 16384
start 0x64028, size 0x746a2d60, name 
 <2, 0, 1024>
 <8, 0, 64>
 <9392, 256, 128>

6 file(s), 20 dir(s)

awto-nas#
<<MATCHED: awto-nas#>>
