openjdk version "25.0.4" 2026-07-21
OpenJDK Runtime Environment (Red_Hat-25.0.4.0.7-2) (build 25.0.4+7)
OpenJDK 64-Bit Server VM (Red_Hat-25.0.4.0.7-2) (build 25.0.4+7, mixed mode)
INFO  Using log config file: jar:file:/home/dan/.local/opt/ghidra_12.2_DEV/Ghidra/Framework/Generic/lib/Generic.jar!/generic.log4j.xml (LoggingInitialization)  
INFO  Using log file: /home/dan/.config/ghidra/ghidra_12.2_DEV/application.log (LoggingInitialization)  
INFO  Loading user preferences: /home/dan/.config/ghidra/ghidra_12.2_DEV/preferences (Preferences)  
INFO  Searching for classes... (ClassSearcher)  
INFO  Class search complete (423 ms) (ClassSearcher)  
INFO  Initializing SSL Context (DefaultSSLContextInitializer)  
INFO  Initializing Random Number Generator... (SecureRandomFactory)  
INFO  Random Number Generator initialization complete: NativePRNGNonBlocking (SecureRandomFactory)  
INFO  Trust manager disabled, cacerts have not been set (DefaultTrustManagerFactory)  
INFO  Headless startup complete (981 ms) (AnalyzeHeadless)  
INFO  Class searcher loaded 59 extension points (20 false positives) (ClassSearcher)  
WARNING: A terminally deprecated method in sun.misc.Unsafe has been called
WARNING: sun.misc.Unsafe::staticFieldOffset has been called by org.apache.felix.framework.util.SecureAction (file:/home/dan/.local/opt/ghidra_12.2_DEV/Ghidra/Features/Base/lib/org.apache.felix.framework-7.0.5.jar)
WARNING: Please consider reporting this to the maintainers of class org.apache.felix.framework.util.SecureAction
WARNING: sun.misc.Unsafe::staticFieldOffset will be removed in a future release
INFO  HEADLESS Script Paths:
    /home/dan/.local/opt/ghidra_12.2_DEV/Ghidra/Features/SwiftDemangler/ghidra_scripts
    /home/dan/.local/opt/ghidra_12.2_DEV/Ghidra/Features/VersionTracking/ghidra_scripts
    /home/dan/.local/opt/ghidra_12.2_DEV/Ghidra/Features/BSim/ghidra_scripts
    /home/dan/.local/opt/ghidra_12.2_DEV/Ghidra/Features/PyGhidra/ghidra_scripts
    /home/dan/.local/opt/ghidra_12.2_DEV/Ghidra/Features/MicrosoftCodeAnalyzer/ghidra_scripts
    /home/dan/.local/opt/ghidra_12.2_DEV/Ghidra/Processors/8051/ghidra_scripts
    /home/dan/.local/opt/ghidra_12.2_DEV/Ghidra/Features/PDB/ghidra_scripts
    /home/dan/.local/opt/ghidra_12.2_DEV/Ghidra/Features/GnuDemangler/ghidra_scripts
    /home/dan/.local/opt/ghidra_12.2_DEV/Ghidra/Features/BytePatterns/ghidra_scripts
    /home/dan/.local/opt/ghidra_12.2_DEV/Ghidra/Processors/DATA/ghidra_scripts
    /home/dan/.local/opt/ghidra_12.2_DEV/Ghidra/Processors/JVM/ghidra_scripts
    /home/dan/.local/opt/ghidra_12.2_DEV/Ghidra/Debug/Debugger-rmi-trace/ghidra_scripts
    /home/dan/.local/opt/ghidra_12.2_DEV/Ghidra/Features/WildcardAssembler/ghidra_scripts
    /home/dan/.local/opt/ghidra_12.2_DEV/Ghidra/Features/Base/ghidra_scripts
    /home/dan/.local/opt/ghidra_12.2_DEV/Ghidra/Features/FunctionID/ghidra_scripts
    /home/dan/.local/opt/ghidra_12.2_DEV/Ghidra/Features/DecompilerDependent/ghidra_scripts
    /home/dan/.local/opt/ghidra_12.2_DEV/Ghidra/Features/SystemEmulation/ghidra_scripts
    /home/dan/.local/opt/ghidra_12.2_DEV/Ghidra/Processors/Atmel/ghidra_scripts
    /mnt/2tb/git/awto-unvr/tmp
    /home/dan/.local/opt/ghidra_12.2_DEV/Ghidra/Features/FileFormats/ghidra_scripts
    /home/dan/.local/opt/ghidra_12.2_DEV/Ghidra/Debug/Debugger/ghidra_scripts
    /home/dan/.local/opt/ghidra_12.2_DEV/Ghidra/Features/Decompiler/ghidra_scripts
    /home/dan/.local/opt/ghidra_12.2_DEV/Ghidra/Processors/PIC/ghidra_scripts (HeadlessAnalyzer)  
INFO  HEADLESS: execution starts (HeadlessAnalyzer)  
INFO  Creating project: /mnt/2tb/git/awto-unvr/tmp/ghidra_proj/unvr_ubnt-systool (HeadlessAnalyzer)  
INFO  Creating project: /mnt/2tb/git/awto-unvr/tmp/ghidra_proj/unvr_ubnt-systool (DefaultProject)  
INFO  REPORT: Processing input files:  (HeadlessAnalyzer)  
INFO       project: /mnt/2tb/git/awto-unvr/tmp/ghidra_proj/unvr_ubnt-systool (HeadlessAnalyzer)  
INFO  IMPORTING: file:///mnt/2tb/git/awto-unvr/tmp/sections/rootfs/sbin/ubnt-systool (HeadlessAnalyzer)  
INFO  No load spec found for import file: ubnt-systool (ProgramLoader)  
ERROR The ProgramLoader could not successfully load file:///mnt/2tb/git/awto-unvr/tmp/sections/rootfs/sbin/ubnt-systool with the provided import parameters. Please ensure that any specified processor/cspec arguments are compatible with the loader that is used during import and try again. (HeadlessAnalyzer)  
ERROR REPORT: Import failed for file: file:///mnt/2tb/git/awto-unvr/tmp/sections/rootfs/sbin/ubnt-systool (HeadlessAnalyzer)  
