2026-08-17T15:38:45+10:00  shell ready
2026-08-17T15:38:45+10:00  
===== I2C adapters (rc=0) =====
i2c-0: Synopsys DesignWare I2C adapter
i2c-1: i2c-0-mux (chan_id 0)
i2c-2: i2c-0-mux (chan_id 1)
i2c-3: i2c-0-mux (chan_id 2)
i2c-4: i2c-0-mux (chan_id 3)
]3008;
2026-08-17T15:38:45+10:00  i2cdetect missing — trying to install i2c-tools
2026-08-17T15:38:54+10:00  
===== install i2c-tools (rc=0) =====
[1/4] Verify package files              100% |   2.0 KiB/s |   2.0   B |  00m00s
[2/4] Prepare transaction               100% |  12.0   B/s |   2.0   B |  00m00s
[3/4] Installing libi2c-0:4.4-4.fc44.aa 100% |   6.6 MiB/s |  94.0 KiB |  00m00s
[4/4] Installing i2c-tools-0:4.4-4.fc44 100% |   1.6 MiB/s | 452.7 KiB |  00m00s
2026-08-17T15:38:54+10:00  scanning i2c buses: 
2026-08-17T15:38:55+10:00  
===== DT-bound I2C devices (addr = bus-XXXX) (rc=0) =====
0-0020: pca9575
0-0021: pca9575
0-0029: pca9575
0-0071: pca9546
1-0030: s35390a
1-0031: dummy
1-0032: dummy
1-0033: dummy
1-0034: dummy
1-0035: dummy
1-0036: dummy
1-0037: dummy
4-002e: adt7475
i2c-0: Synopsys DesignWare I2C adapter
i2c-1: i2c-0-mux (chan_id 0)
i2c-2: i2c-0-mux (chan_id 1)
i2c-3: i2c-0-mux (chan_id 2)
i2c-4: i2c-0-mux (chan_id 3)
]3008;end=17e6ffbd-1592-4cd
2026-08-17T15:38:55+10:00  
===== SPI devices (rc=0) =====
spi0.0: spi:spi-nor
-- mtd --
dev:    size   erasesize  name
mtd0: 001c0000 00010000 "u-boot"
mtd1: 00010000 00010000 "u-boot env"
mtd2: 00010000 00010000 "u-boot env redundant"
mtd3: 00010000 00010000 "Factory"
mtd4: 00010000 00010000 "EEPROM"
mtd5: 01000000 00010000 "recovery kernel"
mtd6: 00dff000 00010000 "config"
mtd7: 00001000 00010000 "cksum"
2026-08-17T15:38:55+10:00  
===== hwmon sensors (rc=0) =====
hwmon0: cpu_thermal_0
hwmon1: adt7475
-- sensors --
cpu_thermal_0-virtual-0
Adapter: Virtual device
temp1:        +56.0°C  

adt7475-i2c-4-2e
Adapter: i2c-0-mux (chan_id 3)
in1:         896.00 mV (min =  +0.00 V, max =  +2.99 V)
+3.3V:         3.27 V  (min =  +2.96 V, max =  +3.63 V)
fan1:           0 RPM  (min =    0 RPM)
fan2:           0 RPM  (min =    0 RPM)
fan3:           0 RPM  (min =    0 RPM)
fan4:           0 RPM  (min =    0 RPM)
temp1:        +43.0°C  (low  = -63.0°C, high = +191.0°C)
                       (crit = +100.0°C, hyst = +96.0°C)
Board Temp:   +41.0°C  (low  = -63.0°C, high = +191.0°C)
                       (crit = +100.0°C, hyst = +96.0°C)
temp3:        +38.5°C  (low  = -63.0°C, high = +191.0°C)
                       (crit = +100.0°C, hyst = +96.0°C)
2026-08-17T15:38:56+10:00  
===== RTC (rc=0) =====
rtc0
2026-08-17 05:38:58.322274+00:00
]3008
2026-08-17T15:38:56+10:00  
DONE — full scan in tmp/logs/i2c-spi-scan.log
