Connecting to host 192.168.25.124, port 5201
[  5] local 192.168.25.145 port 34366 connected to 192.168.25.124 port 5201
[  7] local 192.168.25.145 port 34382 connected to 192.168.25.124 port 5201
[  9] local 192.168.25.145 port 34384 connected to 192.168.25.124 port 5201
[ 11] local 192.168.25.145 port 34388 connected to 192.168.25.124 port 5201
[ 13] local 192.168.25.145 port 34398 connected to 192.168.25.124 port 5201
[ 15] local 192.168.25.145 port 34406 connected to 192.168.25.124 port 5201
[ 17] local 192.168.25.145 port 34414 connected to 192.168.25.124 port 5201
[ 19] local 192.168.25.145 port 34418 connected to 192.168.25.124 port 5201
[ 21] local 192.168.25.145 port 34424 connected to 192.168.25.124 port 5201
[ 23] local 192.168.25.145 port 34438 connected to 192.168.25.124 port 5201
[ 25] local 192.168.25.145 port 34440 connected to 192.168.25.124 port 5201
[ 27] local 192.168.25.145 port 34448 connected to 192.168.25.124 port 5201
[ 29] local 192.168.25.145 port 34452 connected to 192.168.25.124 port 5201
[ 31] local 192.168.25.145 port 34454 connected to 192.168.25.124 port 5201
[ 33] local 192.168.25.145 port 34460 connected to 192.168.25.124 port 5201
[ 35] local 192.168.25.145 port 34464 connected to 192.168.25.124 port 5201
[ ID][Role] Interval           Transfer     Bitrate         Retr  Cwnd
[  5][TX-C]   0.00-10.01  sec   144 MBytes   121 Mbits/sec  489    132 KBytes       
[  7][TX-C]   0.00-10.01  sec   138 MBytes   116 Mbits/sec  458    181 KBytes       
[  9][TX-C]   0.00-10.01  sec   142 MBytes   119 Mbits/sec  468    164 KBytes       
[ 11][TX-C]   0.00-10.01  sec   144 MBytes   120 Mbits/sec  439    168 KBytes       
[ 13][TX-C]   0.00-10.01  sec   131 MBytes   110 Mbits/sec  413    157 KBytes       
[ 15][TX-C]   0.00-10.01  sec   142 MBytes   119 Mbits/sec  465    136 KBytes       
[ 17][TX-C]   0.00-10.01  sec   133 MBytes   112 Mbits/sec  363    206 KBytes       
[ 19][TX-C]   0.00-10.01  sec   138 MBytes   115 Mbits/sec  419    175 KBytes       
[SUM][TX-C]   0.00-10.01  sec  1.09 GBytes   934 Mbits/sec  3514             
[ 21][RX-C]   0.00-10.01  sec   218 MBytes   182 Mbits/sec                  
[ 23][RX-C]   0.00-10.01  sec   150 MBytes   125 Mbits/sec                  
[ 25][RX-C]   0.00-10.01  sec   115 MBytes  96.5 Mbits/sec                  
[ 27][RX-C]   0.00-10.01  sec   212 MBytes   178 Mbits/sec                  
[ 29][RX-C]   0.00-10.01  sec   198 MBytes   166 Mbits/sec                  
[ 31][RX-C]   0.00-10.01  sec   103 MBytes  86.2 Mbits/sec                  
[ 33][RX-C]   0.00-10.01  sec  49.4 MBytes  41.4 Mbits/sec                  
[ 35][RX-C]   0.00-10.01  sec  44.5 MBytes  37.3 Mbits/sec                  
[SUM][RX-C]   0.00-10.01  sec  1.06 GBytes   913 Mbits/sec                  
- - - - - - - - - - - - - - - - - - - - - - - - -
[  5][TX-C]  10.01-20.01  sec   140 MBytes   117 Mbits/sec  472    177 KBytes       
[  7][TX-C]  10.01-20.01  sec   138 MBytes   116 Mbits/sec  447    147 KBytes       
[  9][TX-C]  10.01-20.01  sec   138 MBytes   116 Mbits/sec  454    122 KBytes       
[ 11][TX-C]  10.01-20.01  sec   142 MBytes   119 Mbits/sec  446    180 KBytes       
[ 13][TX-C]  10.01-20.01  sec   141 MBytes   118 Mbits/sec  417    175 KBytes       
[ 15][TX-C]  10.01-20.01  sec   141 MBytes   118 Mbits/sec  455    150 KBytes       
[ 17][TX-C]  10.01-20.01  sec   136 MBytes   114 Mbits/sec  359    187 KBytes       
[ 19][TX-C]  10.01-20.01  sec   140 MBytes   117 Mbits/sec  454    122 KBytes       
[SUM][TX-C]  10.01-20.01  sec  1.09 GBytes   936 Mbits/sec  3504             
[ 21][RX-C]  10.01-20.01  sec   198 MBytes   166 Mbits/sec                  
[ 23][RX-C]  10.01-20.01  sec   174 MBytes   146 Mbits/sec                  
[ 25][RX-C]  10.01-20.01  sec   170 MBytes   143 Mbits/sec                  
[ 27][RX-C]  10.01-20.01  sec   182 MBytes   153 Mbits/sec                  
[ 29][RX-C]  10.01-20.01  sec   192 MBytes   161 Mbits/sec                  
[ 31][RX-C]  10.01-20.01  sec   166 MBytes   140 Mbits/sec                  
[ 33][RX-C]  10.01-20.01  sec  1.25 MBytes  1.05 Mbits/sec                  
[ 35][RX-C]  10.01-20.01  sec  1.25 MBytes  1.05 Mbits/sec                  
[SUM][RX-C]  10.01-20.01  sec  1.06 GBytes   911 Mbits/sec                  
- - - - - - - - - - - - - - - - - - - - - - - - -
[  5][TX-C]  20.01-30.01  sec   143 MBytes   120 Mbits/sec  447    182 KBytes       
[  7][TX-C]  20.01-30.01  sec   142 MBytes   119 Mbits/sec  441    167 KBytes       
[  9][TX-C]  20.01-30.01  sec   141 MBytes   118 Mbits/sec  451    137 KBytes       
[ 11][TX-C]  20.01-30.01  sec   142 MBytes   119 Mbits/sec  474    182 KBytes       
[ 13][TX-C]  20.01-30.01  sec   139 MBytes   117 Mbits/sec  448    189 KBytes       
[ 15][TX-C]  20.01-30.01  sec   145 MBytes   121 Mbits/sec  450    151 KBytes       
[ 17][TX-C]  20.01-30.01  sec   122 MBytes   102 Mbits/sec  330    199 KBytes       
[ 19][TX-C]  20.01-30.01  sec   141 MBytes   118 Mbits/sec  470    130 KBytes       
[SUM][TX-C]  20.01-30.01  sec  1.09 GBytes   935 Mbits/sec  3511             
[ 21][RX-C]  20.01-30.01  sec   213 MBytes   178 Mbits/sec                  
[ 23][RX-C]  20.01-30.01  sec   129 MBytes   108 Mbits/sec                  
[ 25][RX-C]  20.01-30.01  sec   138 MBytes   116 Mbits/sec                  
[ 27][RX-C]  20.01-30.01  sec   238 MBytes   200 Mbits/sec                  
[ 29][RX-C]  20.01-30.01  sec   214 MBytes   180 Mbits/sec                  
[ 31][RX-C]  20.01-30.01  sec   146 MBytes   122 Mbits/sec                  
[ 33][RX-C]  20.01-30.01  sec  5.75 MBytes  4.82 Mbits/sec                  
[ 35][RX-C]  20.01-30.01  sec  6.50 MBytes  5.45 Mbits/sec                  
[SUM][RX-C]  20.01-30.01  sec  1.07 GBytes   915 Mbits/sec                  
- - - - - - - - - - - - - - - - - - - - - - - - -
[  5][TX-C]  30.01-40.01  sec   144 MBytes   121 Mbits/sec  490    130 KBytes       
[  7][TX-C]  30.01-40.01  sec   136 MBytes   114 Mbits/sec  419    171 KBytes       
[  9][TX-C]  30.01-40.01  sec   138 MBytes   116 Mbits/sec  384    185 KBytes       
[ 11][TX-C]  30.01-40.01  sec   143 MBytes   120 Mbits/sec  476    140 KBytes       
[ 13][TX-C]  30.01-40.01  sec   133 MBytes   111 Mbits/sec  466    191 KBytes       
[ 15][TX-C]  30.01-40.01  sec   143 MBytes   120 Mbits/sec  400    175 KBytes       
[ 17][TX-C]  30.01-40.01  sec   132 MBytes   111 Mbits/sec  379    160 KBytes       
[ 19][TX-C]  30.01-40.01  sec   142 MBytes   119 Mbits/sec  416    165 KBytes       
[SUM][TX-C]  30.01-40.01  sec  1.08 GBytes   931 Mbits/sec  3430             
[ 21][RX-C]  30.01-40.01  sec   247 MBytes   207 Mbits/sec                  
[ 23][RX-C]  30.01-40.01  sec   139 MBytes   116 Mbits/sec                  
[ 25][RX-C]  30.01-40.01  sec   186 MBytes   156 Mbits/sec                  
[ 27][RX-C]  30.01-40.01  sec   148 MBytes   124 Mbits/sec                  
[ 29][RX-C]  30.01-40.01  sec   223 MBytes   187 Mbits/sec                  
[ 31][RX-C]  30.01-40.01  sec   142 MBytes   119 Mbits/sec                  
[ 33][RX-C]  30.01-40.01  sec  2.50 MBytes  2.10 Mbits/sec                  
[ 35][RX-C]  30.01-40.01  sec  2.12 MBytes  1.78 Mbits/sec                  
[SUM][RX-C]  30.01-40.01  sec  1.06 GBytes   914 Mbits/sec                  
- - - - - - - - - - - - - - - - - - - - - - - - -
[  5][TX-C]  40.01-50.01  sec   120 MBytes   101 Mbits/sec  404    195 KBytes       
[  7][TX-C]  40.01-50.01  sec   120 MBytes   100 Mbits/sec  447    165 KBytes       
[  9][TX-C]  40.01-50.01  sec   121 MBytes   101 Mbits/sec  374    197 KBytes       
[ 11][TX-C]  40.01-50.01  sec   122 MBytes   102 Mbits/sec  423    158 KBytes       
[ 13][TX-C]  40.01-50.01  sec   120 MBytes   100 Mbits/sec  429    153 KBytes       
[ 15][TX-C]  40.01-50.01  sec   120 MBytes   101 Mbits/sec  422    160 KBytes       
[ 17][TX-C]  40.01-50.01  sec   106 MBytes  88.8 Mbits/sec  338    158 KBytes       
[ 19][TX-C]  40.01-50.01  sec   121 MBytes   101 Mbits/sec  459    163 KBytes       
[SUM][TX-C]  40.01-50.01  sec   949 MBytes   796 Mbits/sec  3296             
[ 21][RX-C]  40.01-50.01  sec   237 MBytes   199 Mbits/sec                  
[ 23][RX-C]  40.01-50.01  sec  91.9 MBytes  77.1 Mbits/sec                  
[ 25][RX-C]  40.01-50.01  sec   109 MBytes  91.7 Mbits/sec                  
[ 27][RX-C]  40.01-50.01  sec   184 MBytes   154 Mbits/sec                  
[ 29][RX-C]  40.01-50.01  sec   178 MBytes   149 Mbits/sec                  
[ 31][RX-C]  40.01-50.01  sec   118 MBytes  98.9 Mbits/sec                  
[ 33][RX-C]  40.01-50.01  sec  3.50 MBytes  2.94 Mbits/sec                  
[ 35][RX-C]  40.01-50.01  sec  3.25 MBytes  2.73 Mbits/sec                  
[SUM][RX-C]  40.01-50.01  sec   925 MBytes   776 Mbits/sec                  
- - - - - - - - - - - - - - - - - - - - - - - - -
[  5][TX-C]  50.01-60.00  sec   144 MBytes   121 Mbits/sec  414    144 KBytes       
[  7][TX-C]  50.01-60.00  sec   141 MBytes   119 Mbits/sec  453    153 KBytes       
[  9][TX-C]  50.01-60.00  sec   142 MBytes   119 Mbits/sec  446    181 KBytes       
[ 11][TX-C]  50.01-60.00  sec   142 MBytes   119 Mbits/sec  453    173 KBytes       
[ 13][TX-C]  50.01-60.00  sec   142 MBytes   119 Mbits/sec  465    127 KBytes       
[ 15][TX-C]  50.01-60.00  sec   141 MBytes   118 Mbits/sec  418    174 KBytes       
[ 17][TX-C]  50.01-60.00  sec   120 MBytes   101 Mbits/sec  258    201 KBytes       
[ 19][TX-C]  50.01-60.00  sec   141 MBytes   119 Mbits/sec  435    144 KBytes       
[SUM][TX-C]  50.01-60.00  sec  1.09 GBytes   934 Mbits/sec  3342             
[ 21][RX-C]  50.01-60.00  sec   293 MBytes   246 Mbits/sec                  
[ 23][RX-C]  50.01-60.00  sec  97.2 MBytes  81.6 Mbits/sec                  
[ 25][RX-C]  50.01-60.00  sec  96.2 MBytes  80.8 Mbits/sec                  
[ 27][RX-C]  50.01-60.00  sec   250 MBytes   210 Mbits/sec                  
[ 29][RX-C]  50.01-60.00  sec   220 MBytes   185 Mbits/sec                  
[ 31][RX-C]  50.01-60.00  sec   109 MBytes  91.4 Mbits/sec                  
[ 33][RX-C]  50.01-60.00  sec  13.2 MBytes  11.1 Mbits/sec                  
[ 35][RX-C]  50.01-60.00  sec  11.4 MBytes  9.55 Mbits/sec                  
[SUM][RX-C]  50.01-60.00  sec  1.07 GBytes   916 Mbits/sec                  
- - - - - - - - - - - - - - - - - - - - - - - - -
[  5][TX-C]  60.00-70.01  sec   147 MBytes   123 Mbits/sec  406    175 KBytes       
[  7][TX-C]  60.00-70.01  sec   133 MBytes   111 Mbits/sec  389    165 KBytes       
[  9][TX-C]  60.00-70.01  sec   136 MBytes   114 Mbits/sec  403    144 KBytes       
[ 11][TX-C]  60.00-70.01  sec   145 MBytes   122 Mbits/sec  475    153 KBytes       
[ 13][TX-C]  60.00-70.01  sec   132 MBytes   111 Mbits/sec  406    151 KBytes       
[ 15][TX-C]  60.00-70.01  sec   149 MBytes   125 Mbits/sec  445    178 KBytes       
[ 17][TX-C]  60.00-70.01  sec   136 MBytes   114 Mbits/sec  344    165 KBytes       
[ 19][TX-C]  60.00-70.01  sec   133 MBytes   112 Mbits/sec  388    151 KBytes       
[SUM][TX-C]  60.00-70.01  sec  1.09 GBytes   932 Mbits/sec  3256             
[ 21][RX-C]  60.00-70.01  sec   252 MBytes   212 Mbits/sec                  
[ 23][RX-C]  60.00-70.01  sec   105 MBytes  87.7 Mbits/sec                  
[ 25][RX-C]  60.00-70.01  sec   102 MBytes  85.5 Mbits/sec                  
[ 27][RX-C]  60.00-70.01  sec   250 MBytes   210 Mbits/sec                  
[ 29][RX-C]  60.00-70.01  sec   251 MBytes   210 Mbits/sec                  
[ 31][RX-C]  60.00-70.01  sec  88.8 MBytes  74.4 Mbits/sec                  
[ 33][RX-C]  60.00-70.01  sec  17.4 MBytes  14.6 Mbits/sec                  
[ 35][RX-C]  60.00-70.01  sec  24.8 MBytes  20.7 Mbits/sec                  
[SUM][RX-C]  60.00-70.01  sec  1.07 GBytes   915 Mbits/sec                  
- - - - - - - - - - - - - - - - - - - - - - - - -
[  5][TX-C]  70.01-80.01  sec   136 MBytes   114 Mbits/sec  409    170 KBytes       
[  7][TX-C]  70.01-80.01  sec   145 MBytes   121 Mbits/sec  397    168 KBytes       
[  9][TX-C]  70.01-80.01  sec   144 MBytes   121 Mbits/sec  422    197 KBytes       
[ 11][TX-C]  70.01-80.01  sec   132 MBytes   111 Mbits/sec  471    146 KBytes       
[ 13][TX-C]  70.01-80.01  sec   142 MBytes   119 Mbits/sec  442    158 KBytes       
[ 15][TX-C]  70.01-80.01  sec   139 MBytes   116 Mbits/sec  392    187 KBytes       
[ 17][TX-C]  70.01-80.01  sec   135 MBytes   113 Mbits/sec  321    171 KBytes       
[ 19][TX-C]  70.01-80.01  sec   143 MBytes   120 Mbits/sec  451    144 KBytes       
[SUM][TX-C]  70.01-80.01  sec  1.09 GBytes   936 Mbits/sec  3305             
[ 21][RX-C]  70.01-80.01  sec   212 MBytes   178 Mbits/sec                  
[ 23][RX-C]  70.01-80.01  sec   182 MBytes   152 Mbits/sec                  
[ 25][RX-C]  70.01-80.01  sec   125 MBytes   105 Mbits/sec                  
[ 27][RX-C]  70.01-80.01  sec   210 MBytes   176 Mbits/sec                  
[ 29][RX-C]  70.01-80.01  sec   193 MBytes   162 Mbits/sec                  
[ 31][RX-C]  70.01-80.01  sec   160 MBytes   135 Mbits/sec                  
[ 33][RX-C]  70.01-80.01  sec  3.50 MBytes  2.94 Mbits/sec                  
[ 35][RX-C]  70.01-80.01  sec  3.88 MBytes  3.25 Mbits/sec                  
[SUM][RX-C]  70.01-80.01  sec  1.06 GBytes   914 Mbits/sec                  
- - - - - - - - - - - - - - - - - - - - - - - - -
[  5][TX-C]  80.01-90.01  sec   142 MBytes   119 Mbits/sec  452    116 KBytes       
[  7][TX-C]  80.01-90.01  sec   143 MBytes   120 Mbits/sec  478    132 KBytes       
[  9][TX-C]  80.01-90.01  sec   142 MBytes   119 Mbits/sec  489    116 KBytes       
[ 11][TX-C]  80.01-90.01  sec   139 MBytes   117 Mbits/sec  450    151 KBytes       
[ 13][TX-C]  80.01-90.01  sec   140 MBytes   118 Mbits/sec  452    146 KBytes       
[ 15][TX-C]  80.01-90.01  sec   140 MBytes   117 Mbits/sec  501    153 KBytes       
[ 17][TX-C]  80.01-90.01  sec   127 MBytes   107 Mbits/sec  378    134 KBytes       
[ 19][TX-C]  80.01-90.01  sec   140 MBytes   118 Mbits/sec  448    133 KBytes       
[SUM][TX-C]  80.01-90.01  sec  1.09 GBytes   933 Mbits/sec  3648             
[ 21][RX-C]  80.01-90.01  sec   185 MBytes   155 Mbits/sec                  
[ 23][RX-C]  80.01-90.01  sec   144 MBytes   121 Mbits/sec                  
[ 25][RX-C]  80.01-90.01  sec   161 MBytes   135 Mbits/sec                  
[ 27][RX-C]  80.01-90.01  sec   212 MBytes   178 Mbits/sec                  
[ 29][RX-C]  80.01-90.01  sec   288 MBytes   241 Mbits/sec                  
[ 31][RX-C]  80.01-90.01  sec  94.5 MBytes  79.3 Mbits/sec                  
[ 33][RX-C]  80.01-90.01  sec  2.88 MBytes  2.41 Mbits/sec                  
[ 35][RX-C]  80.01-90.01  sec  2.88 MBytes  2.41 Mbits/sec                  
[SUM][RX-C]  80.01-90.01  sec  1.06 GBytes   914 Mbits/sec                  
- - - - - - - - - - - - - - - - - - - - - - - - -
[  5][TX-C]  90.01-100.01 sec   142 MBytes   119 Mbits/sec  425    150 KBytes       
[  7][TX-C]  90.01-100.01 sec   143 MBytes   120 Mbits/sec  425    165 KBytes       
[  9][TX-C]  90.01-100.01 sec   142 MBytes   119 Mbits/sec  428    163 KBytes       
[ 11][TX-C]  90.01-100.01 sec   136 MBytes   114 Mbits/sec  380    209 KBytes       
[ 13][TX-C]  90.01-100.01 sec   142 MBytes   119 Mbits/sec  426    156 KBytes       
[ 15][TX-C]  90.01-100.01 sec   142 MBytes   119 Mbits/sec  487    139 KBytes       
[ 17][TX-C]  90.01-100.01 sec   130 MBytes   109 Mbits/sec  318    214 KBytes       
[ 19][TX-C]  90.01-100.01 sec   138 MBytes   116 Mbits/sec  398    171 KBytes       
[SUM][TX-C]  90.01-100.01 sec  1.09 GBytes   937 Mbits/sec  3287             
[ 21][RX-C]  90.01-100.01 sec   184 MBytes   155 Mbits/sec                  
[ 23][RX-C]  90.01-100.01 sec   186 MBytes   156 Mbits/sec                  
[ 25][RX-C]  90.01-100.01 sec   174 MBytes   146 Mbits/sec                  
[ 27][RX-C]  90.01-100.01 sec   158 MBytes   132 Mbits/sec                  
[ 29][RX-C]  90.01-100.01 sec   190 MBytes   159 Mbits/sec                  
[ 31][RX-C]  90.01-100.01 sec   186 MBytes   156 Mbits/sec                  
[ 33][RX-C]  90.01-100.01 sec  2.50 MBytes  2.10 Mbits/sec                  
[ 35][RX-C]  90.01-100.01 sec  2.25 MBytes  1.89 Mbits/sec                  
[SUM][RX-C]  90.01-100.01 sec  1.06 GBytes   909 Mbits/sec                  
- - - - - - - - - - - - - - - - - - - - - - - - -
[  5][TX-C] 100.01-110.01 sec   141 MBytes   118 Mbits/sec  451    129 KBytes       
[  7][TX-C] 100.01-110.01 sec   140 MBytes   117 Mbits/sec  446    134 KBytes       
[  9][TX-C] 100.01-110.01 sec   138 MBytes   116 Mbits/sec  426    137 KBytes       
[ 11][TX-C] 100.01-110.01 sec   139 MBytes   117 Mbits/sec  474    148 KBytes       
[ 13][TX-C] 100.01-110.01 sec   141 MBytes   118 Mbits/sec  389    188 KBytes       
[ 15][TX-C] 100.01-110.01 sec   142 MBytes   119 Mbits/sec  429    120 KBytes       
[ 17][TX-C] 100.01-110.01 sec   134 MBytes   112 Mbits/sec  380    141 KBytes       
[ 19][TX-C] 100.01-110.01 sec   139 MBytes   116 Mbits/sec  459    136 KBytes       
[SUM][TX-C] 100.01-110.01 sec  1.09 GBytes   934 Mbits/sec  3454             
[ 21][RX-C] 100.01-110.01 sec   209 MBytes   175 Mbits/sec                  
[ 23][RX-C] 100.01-110.01 sec   120 MBytes   101 Mbits/sec                  
[ 25][RX-C] 100.01-110.01 sec   158 MBytes   133 Mbits/sec                  
[ 27][RX-C] 100.01-110.01 sec   235 MBytes   197 Mbits/sec                  
[ 29][RX-C] 100.01-110.01 sec   224 MBytes   188 Mbits/sec                  
[ 31][RX-C] 100.01-110.01 sec   144 MBytes   120 Mbits/sec                  
[ 33][RX-C] 100.01-110.01 sec  1.88 MBytes  1.57 Mbits/sec                  
[ 35][RX-C] 100.01-110.01 sec  2.00 MBytes  1.68 Mbits/sec                  
[SUM][RX-C] 100.01-110.01 sec  1.07 GBytes   917 Mbits/sec                  
- - - - - - - - - - - - - - - - - - - - - - - - -
[  5][TX-C] 110.01-120.01 sec   149 MBytes   125 Mbits/sec  454    124 KBytes       
[  7][TX-C] 110.01-120.01 sec   134 MBytes   112 Mbits/sec  362    168 KBytes       
[  9][TX-C] 110.01-120.01 sec   135 MBytes   113 Mbits/sec  375    174 KBytes       
[ 11][TX-C] 110.01-120.01 sec   152 MBytes   127 Mbits/sec  484    126 KBytes       
[ 13][TX-C] 110.01-120.01 sec   134 MBytes   113 Mbits/sec  384    189 KBytes       
[ 15][TX-C] 110.01-120.01 sec   141 MBytes   118 Mbits/sec  507    120 KBytes       
[ 17][TX-C] 110.01-120.01 sec   139 MBytes   117 Mbits/sec  330    130 KBytes       
[ 19][TX-C] 110.01-120.01 sec   131 MBytes   110 Mbits/sec  355    151 KBytes       
[SUM][TX-C] 110.01-120.01 sec  1.09 GBytes   935 Mbits/sec  3251             
[ 21][RX-C] 110.01-120.01 sec   222 MBytes   187 Mbits/sec                  
[ 23][RX-C] 110.01-120.01 sec   177 MBytes   148 Mbits/sec                  
[ 25][RX-C] 110.01-120.01 sec   121 MBytes   102 Mbits/sec                  
[ 27][RX-C] 110.01-120.01 sec   235 MBytes   197 Mbits/sec                  
[ 29][RX-C] 110.01-120.01 sec   166 MBytes   139 Mbits/sec                  
[ 31][RX-C] 110.01-120.01 sec   166 MBytes   140 Mbits/sec                  
[ 33][RX-C] 110.01-120.01 sec  3.25 MBytes  2.73 Mbits/sec                  
[ 35][RX-C] 110.01-120.01 sec  3.12 MBytes  2.62 Mbits/sec                  
[SUM][RX-C] 110.01-120.01 sec  1.07 GBytes   919 Mbits/sec                  
- - - - - - - - - - - - - - - - - - - - - - - - -
[  5][TX-C] 120.01-130.01 sec   142 MBytes   120 Mbits/sec  440    136 KBytes       
[  7][TX-C] 120.01-130.01 sec   136 MBytes   115 Mbits/sec  433    165 KBytes       
[  9][TX-C] 120.01-130.01 sec   138 MBytes   116 Mbits/sec  450    173 KBytes       
[ 11][TX-C] 120.01-130.01 sec   142 MBytes   119 Mbits/sec  397    188 KBytes       
[ 13][TX-C] 120.01-130.01 sec   140 MBytes   117 Mbits/sec  438    180 KBytes       
[ 15][TX-C] 120.01-130.01 sec   141 MBytes   118 Mbits/sec  384    194 KBytes       
[ 17][TX-C] 120.01-130.01 sec   131 MBytes   110 Mbits/sec  272    188 KBytes       
[ 19][TX-C] 120.01-130.01 sec   143 MBytes   120 Mbits/sec  425    188 KBytes       
[SUM][TX-C] 120.01-130.01 sec  1.09 GBytes   934 Mbits/sec  3239             
[ 21][RX-C] 120.01-130.01 sec   214 MBytes   180 Mbits/sec                  
[ 23][RX-C] 120.01-130.01 sec   156 MBytes   131 Mbits/sec                  
[ 25][RX-C] 120.01-130.01 sec   134 MBytes   113 Mbits/sec                  
[ 27][RX-C] 120.01-130.01 sec   252 MBytes   212 Mbits/sec                  
[ 29][RX-C] 120.01-130.01 sec   203 MBytes   170 Mbits/sec                  
[ 31][RX-C] 120.01-130.01 sec   126 MBytes   106 Mbits/sec                  
[ 33][RX-C] 120.01-130.01 sec  1.75 MBytes  1.47 Mbits/sec                  
[ 35][RX-C] 120.01-130.01 sec  1.75 MBytes  1.47 Mbits/sec                  
[SUM][RX-C] 120.01-130.01 sec  1.06 GBytes   914 Mbits/sec                  
- - - - - - - - - - - - - - - - - - - - - - - - -
[  5][TX-C] 130.01-140.01 sec   140 MBytes   117 Mbits/sec  501    136 KBytes       
[  7][TX-C] 130.01-140.01 sec   139 MBytes   116 Mbits/sec  462    124 KBytes       
[  9][TX-C] 130.01-140.01 sec   142 MBytes   119 Mbits/sec  508    140 KBytes       
[ 11][TX-C] 130.01-140.01 sec   138 MBytes   115 Mbits/sec  472    139 KBytes       
[ 13][TX-C] 130.01-140.01 sec   143 MBytes   120 Mbits/sec  444    198 KBytes       
[ 15][TX-C] 130.01-140.01 sec   137 MBytes   115 Mbits/sec  456    126 KBytes       
[ 17][TX-C] 130.01-140.01 sec   133 MBytes   111 Mbits/sec  369    156 KBytes       
[ 19][TX-C] 130.01-140.01 sec   144 MBytes   120 Mbits/sec  470    136 KBytes       
[SUM][TX-C] 130.01-140.01 sec  1.09 GBytes   934 Mbits/sec  3682             
[ 21][RX-C] 130.01-140.01 sec   169 MBytes   142 Mbits/sec                  
[ 23][RX-C] 130.01-140.01 sec   160 MBytes   135 Mbits/sec                  
[ 25][RX-C] 130.01-140.01 sec   188 MBytes   157 Mbits/sec                  
[ 27][RX-C] 130.01-140.01 sec   220 MBytes   185 Mbits/sec                  
[ 29][RX-C] 130.01-140.01 sec   211 MBytes   177 Mbits/sec                  
[ 31][RX-C] 130.01-140.01 sec   140 MBytes   118 Mbits/sec                  
[ 33][RX-C] 130.01-140.01 sec  2.12 MBytes  1.78 Mbits/sec                  
[ 35][RX-C] 130.01-140.01 sec  2.25 MBytes  1.89 Mbits/sec                  
[SUM][RX-C] 130.01-140.01 sec  1.07 GBytes   917 Mbits/sec                  
- - - - - - - - - - - - - - - - - - - - - - - - -
[  5][TX-C] 140.01-150.01 sec   140 MBytes   117 Mbits/sec  456    151 KBytes       
[  7][TX-C] 140.01-150.01 sec   141 MBytes   118 Mbits/sec  438    124 KBytes       
[  9][TX-C] 140.01-150.01 sec   141 MBytes   118 Mbits/sec  430    127 KBytes       
[ 11][TX-C] 140.01-150.01 sec   139 MBytes   117 Mbits/sec  545    140 KBytes       
[ 13][TX-C] 140.01-150.01 sec   142 MBytes   119 Mbits/sec  452    189 KBytes       
[ 15][TX-C] 140.01-150.01 sec   140 MBytes   118 Mbits/sec  442    144 KBytes       
[ 17][TX-C] 140.01-150.01 sec   127 MBytes   107 Mbits/sec  289    191 KBytes       
[ 19][TX-C] 140.01-150.01 sec   142 MBytes   119 Mbits/sec  405    160 KBytes       
[SUM][TX-C] 140.01-150.01 sec  1.09 GBytes   932 Mbits/sec  3457             
[ 21][RX-C] 140.01-150.01 sec   314 MBytes   263 Mbits/sec                  
[ 23][RX-C] 140.01-150.01 sec   130 MBytes   109 Mbits/sec                  
[ 25][RX-C] 140.01-150.01 sec   113 MBytes  95.0 Mbits/sec                  
[ 27][RX-C] 140.01-150.01 sec   235 MBytes   197 Mbits/sec                  
[ 29][RX-C] 140.01-150.01 sec   166 MBytes   140 Mbits/sec                  
[ 31][RX-C] 140.01-150.01 sec   124 MBytes   104 Mbits/sec                  
[ 33][RX-C] 140.01-150.01 sec  2.62 MBytes  2.20 Mbits/sec                  
[ 35][RX-C] 140.01-150.01 sec  2.38 MBytes  1.99 Mbits/sec                  
[SUM][RX-C] 140.01-150.01 sec  1.06 GBytes   913 Mbits/sec                  
- - - - - - - - - - - - - - - - - - - - - - - - -
[  5][TX-C] 150.01-160.01 sec   136 MBytes   114 Mbits/sec  490    139 KBytes       
[  7][TX-C] 150.01-160.01 sec   141 MBytes   118 Mbits/sec  396    154 KBytes       
[  9][TX-C] 150.01-160.01 sec   141 MBytes   118 Mbits/sec  420    160 KBytes       
[ 11][TX-C] 150.01-160.01 sec   137 MBytes   115 Mbits/sec  440    136 KBytes       
[ 13][TX-C] 150.01-160.01 sec   140 MBytes   117 Mbits/sec  461    148 KBytes       
[ 15][TX-C] 150.01-160.01 sec   139 MBytes   117 Mbits/sec  399    164 KBytes       
[ 17][TX-C] 150.01-160.01 sec   137 MBytes   115 Mbits/sec  378    161 KBytes       
[ 19][TX-C] 150.01-160.01 sec   142 MBytes   120 Mbits/sec  454    143 KBytes       
[SUM][TX-C] 150.01-160.01 sec  1.09 GBytes   934 Mbits/sec  3438             
[ 21][RX-C] 150.01-160.01 sec   222 MBytes   186 Mbits/sec                  
[ 23][RX-C] 150.01-160.01 sec   128 MBytes   107 Mbits/sec                  
[ 25][RX-C] 150.01-160.01 sec   164 MBytes   138 Mbits/sec                  
[ 27][RX-C] 150.01-160.01 sec   213 MBytes   178 Mbits/sec                  
[ 29][RX-C] 150.01-160.01 sec   193 MBytes   162 Mbits/sec                  
[ 31][RX-C] 150.01-160.01 sec   170 MBytes   143 Mbits/sec                  
[ 33][RX-C] 150.01-160.01 sec  2.25 MBytes  1.89 Mbits/sec                  
[ 35][RX-C] 150.01-160.01 sec  2.12 MBytes  1.78 Mbits/sec                  
[SUM][RX-C] 150.01-160.01 sec  1.07 GBytes   917 Mbits/sec                  
- - - - - - - - - - - - - - - - - - - - - - - - -
[  5][TX-C] 160.01-170.01 sec   139 MBytes   117 Mbits/sec  444    182 KBytes       
[  7][TX-C] 160.01-170.01 sec   139 MBytes   117 Mbits/sec  431    136 KBytes       
[  9][TX-C] 160.01-170.01 sec   141 MBytes   118 Mbits/sec  439    161 KBytes       
[ 11][TX-C] 160.01-170.01 sec   140 MBytes   117 Mbits/sec  441    167 KBytes       
[ 13][TX-C] 160.01-170.01 sec   138 MBytes   116 Mbits/sec  452    156 KBytes       
[ 15][TX-C] 160.01-170.01 sec   143 MBytes   120 Mbits/sec  451    139 KBytes       
[ 17][TX-C] 160.01-170.01 sec   136 MBytes   114 Mbits/sec  290    214 KBytes       
[ 19][TX-C] 160.01-170.01 sec   141 MBytes   118 Mbits/sec  452    136 KBytes       
[SUM][TX-C] 160.01-170.01 sec  1.09 GBytes   936 Mbits/sec  3400             
[ 21][RX-C] 160.01-170.01 sec   245 MBytes   205 Mbits/sec                  
[ 23][RX-C] 160.01-170.01 sec   144 MBytes   121 Mbits/sec                  
[ 25][RX-C] 160.01-170.01 sec   122 MBytes   102 Mbits/sec                  
[ 27][RX-C] 160.01-170.01 sec   210 MBytes   176 Mbits/sec                  
[ 29][RX-C] 160.01-170.01 sec   219 MBytes   184 Mbits/sec                  
[ 31][RX-C] 160.01-170.01 sec   138 MBytes   116 Mbits/sec                  
[ 33][RX-C] 160.01-170.01 sec  3.12 MBytes  2.62 Mbits/sec                  
[ 35][RX-C] 160.01-170.01 sec  3.25 MBytes  2.73 Mbits/sec                  
[SUM][RX-C] 160.01-170.01 sec  1.06 GBytes   910 Mbits/sec                  
- - - - - - - - - - - - - - - - - - - - - - - - -
[  5][TX-C] 170.01-180.01 sec   142 MBytes   119 Mbits/sec  473    151 KBytes       
[  7][TX-C] 170.01-180.01 sec   137 MBytes   115 Mbits/sec  372    158 KBytes       
[  9][TX-C] 170.01-180.01 sec   137 MBytes   115 Mbits/sec  414    188 KBytes       
[ 11][TX-C] 170.01-180.01 sec   138 MBytes   116 Mbits/sec  458    146 KBytes       
[ 13][TX-C] 170.01-180.01 sec   133 MBytes   111 Mbits/sec  393    136 KBytes       
[ 15][TX-C] 170.01-180.01 sec   142 MBytes   119 Mbits/sec  423    139 KBytes       
[ 17][TX-C] 170.01-180.01 sec   143 MBytes   120 Mbits/sec  360    185 KBytes       
[ 19][TX-C] 170.01-180.01 sec   134 MBytes   112 Mbits/sec  338    182 KBytes       
[SUM][TX-C] 170.01-180.01 sec  1.08 GBytes   927 Mbits/sec  3231             
[ 21][RX-C] 170.01-180.01 sec   240 MBytes   201 Mbits/sec                  
[ 23][RX-C] 170.01-180.01 sec   132 MBytes   111 Mbits/sec                  
[ 25][RX-C] 170.01-180.01 sec   140 MBytes   117 Mbits/sec                  
[ 27][RX-C] 170.01-180.01 sec   184 MBytes   154 Mbits/sec                  
[ 29][RX-C] 170.01-180.01 sec   185 MBytes   155 Mbits/sec                  
[ 31][RX-C] 170.01-180.01 sec   161 MBytes   135 Mbits/sec                  
[ 33][RX-C] 170.01-180.01 sec  24.4 MBytes  20.4 Mbits/sec                  
[ 35][RX-C] 170.01-180.01 sec  28.9 MBytes  24.2 Mbits/sec                  
[SUM][RX-C] 170.01-180.01 sec  1.07 GBytes   918 Mbits/sec                  
- - - - - - - - - - - - - - - - - - - - - - - - -
[  5][TX-C] 180.01-190.01 sec   135 MBytes   114 Mbits/sec   86    313 KBytes       
[  7][TX-C] 180.01-190.01 sec   136 MBytes   114 Mbits/sec   86    266 KBytes       
[  9][TX-C] 180.01-190.01 sec   132 MBytes   111 Mbits/sec  165    206 KBytes       
[ 11][TX-C] 180.01-190.01 sec   137 MBytes   115 Mbits/sec   43    389 KBytes       
[ 13][TX-C] 180.01-190.01 sec   124 MBytes   104 Mbits/sec  129    219 KBytes       
[ 15][TX-C] 180.01-190.01 sec   130 MBytes   109 Mbits/sec   86    320 KBytes       
[ 17][TX-C] 180.01-190.01 sec   171 MBytes   143 Mbits/sec  215    252 KBytes       
[ 19][TX-C] 180.01-190.01 sec   124 MBytes   104 Mbits/sec  124    257 KBytes       
[SUM][TX-C] 180.01-190.01 sec  1.06 GBytes   914 Mbits/sec  934             
[ 21][RX-C] 180.01-190.01 sec  86.4 MBytes  72.5 Mbits/sec                  
[ 23][RX-C] 180.01-190.01 sec   101 MBytes  84.5 Mbits/sec                  
[ 25][RX-C] 180.01-190.01 sec   110 MBytes  92.7 Mbits/sec                  
[ 27][RX-C] 180.01-190.01 sec  78.8 MBytes  66.1 Mbits/sec                  
[ 29][RX-C] 180.01-190.01 sec  97.2 MBytes  81.6 Mbits/sec                  
[ 31][RX-C] 180.01-190.01 sec   108 MBytes  91.0 Mbits/sec                  
[ 33][RX-C] 180.01-190.01 sec   280 MBytes   235 Mbits/sec                  
[ 35][RX-C] 180.01-190.01 sec   257 MBytes   215 Mbits/sec                  
[SUM][RX-C] 180.01-190.01 sec  1.09 GBytes   939 Mbits/sec                  
- - - - - - - - - - - - - - - - - - - - - - - - -
[  5][TX-C] 190.01-200.01 sec   136 MBytes   114 Mbits/sec   86    413 KBytes       
[  7][TX-C] 190.01-200.01 sec   135 MBytes   113 Mbits/sec  172    225 KBytes       
[  9][TX-C] 190.01-200.01 sec   131 MBytes   110 Mbits/sec  129    301 KBytes       
[ 11][TX-C] 190.01-200.01 sec   135 MBytes   114 Mbits/sec  129    372 KBytes       
[ 13][TX-C] 190.01-200.01 sec   140 MBytes   117 Mbits/sec  129    260 KBytes       
[ 15][TX-C] 190.01-200.01 sec   128 MBytes   107 Mbits/sec  129    335 KBytes       
[ 17][TX-C] 190.01-200.01 sec   164 MBytes   138 Mbits/sec  215    250 KBytes       
[ 19][TX-C] 190.01-200.01 sec   135 MBytes   114 Mbits/sec  129    303 KBytes       
[SUM][TX-C] 190.01-200.01 sec  1.08 GBytes   926 Mbits/sec  1118             
[ 21][RX-C] 190.01-200.01 sec  59.4 MBytes  49.8 Mbits/sec                  
[ 23][RX-C] 190.01-200.01 sec  78.1 MBytes  65.5 Mbits/sec                  
[ 25][RX-C] 190.01-200.01 sec  78.9 MBytes  66.2 Mbits/sec                  
[ 27][RX-C] 190.01-200.01 sec  73.2 MBytes  61.4 Mbits/sec                  
[ 29][RX-C] 190.01-200.01 sec   104 MBytes  87.5 Mbits/sec                  
[ 31][RX-C] 190.01-200.01 sec  78.2 MBytes  65.6 Mbits/sec                  
[ 33][RX-C] 190.01-200.01 sec   320 MBytes   268 Mbits/sec                  
[ 35][RX-C] 190.01-200.01 sec   326 MBytes   273 Mbits/sec                  
[SUM][RX-C] 190.01-200.01 sec  1.09 GBytes   938 Mbits/sec                  
- - - - - - - - - - - - - - - - - - - - - - - - -
[  5][TX-C] 200.01-210.01 sec   138 MBytes   116 Mbits/sec  129    390 KBytes       
[  7][TX-C] 200.01-210.01 sec   134 MBytes   112 Mbits/sec   86    334 KBytes       
[  9][TX-C] 200.01-210.01 sec   134 MBytes   112 Mbits/sec  129    337 KBytes       
[ 11][TX-C] 200.01-210.01 sec   131 MBytes   110 Mbits/sec  172    281 KBytes       
[ 13][TX-C] 200.01-210.01 sec   134 MBytes   113 Mbits/sec  113    280 KBytes       
[ 15][TX-C] 200.01-210.01 sec   129 MBytes   108 Mbits/sec  129    375 KBytes       
[ 17][TX-C] 200.01-210.01 sec   170 MBytes   142 Mbits/sec  213    264 KBytes       
[ 19][TX-C] 200.01-210.01 sec   127 MBytes   106 Mbits/sec  172    256 KBytes       
[SUM][TX-C] 200.01-210.01 sec  1.07 GBytes   920 Mbits/sec  1143             
[ 21][RX-C] 200.01-210.01 sec  62.2 MBytes  52.2 Mbits/sec                  
[ 23][RX-C] 200.01-210.01 sec  97.5 MBytes  81.8 Mbits/sec                  
[ 25][RX-C] 200.01-210.01 sec  98.1 MBytes  82.3 Mbits/sec                  
[ 27][RX-C] 200.01-210.01 sec  71.1 MBytes  59.7 Mbits/sec                  
[ 29][RX-C] 200.01-210.01 sec   145 MBytes   122 Mbits/sec                  
[ 31][RX-C] 200.01-210.01 sec  97.2 MBytes  81.6 Mbits/sec                  
[ 33][RX-C] 200.01-210.01 sec   266 MBytes   223 Mbits/sec                  
[ 35][RX-C] 200.01-210.01 sec   279 MBytes   234 Mbits/sec                  
[SUM][RX-C] 200.01-210.01 sec  1.09 GBytes   937 Mbits/sec                  
- - - - - - - - - - - - - - - - - - - - - - - - -
[  5][TX-C] 210.01-220.01 sec   134 MBytes   112 Mbits/sec  169    259 KBytes       
[  7][TX-C] 210.01-220.01 sec   127 MBytes   106 Mbits/sec  129    345 KBytes       
[  9][TX-C] 210.01-220.01 sec   125 MBytes   105 Mbits/sec  172    267 KBytes       
[ 11][TX-C] 210.01-220.01 sec   127 MBytes   107 Mbits/sec  129    318 KBytes       
[ 13][TX-C] 210.01-220.01 sec   127 MBytes   106 Mbits/sec  129    294 KBytes       
[ 15][TX-C] 210.01-220.01 sec   130 MBytes   109 Mbits/sec  172    294 KBytes       
[ 17][TX-C] 210.01-220.01 sec   196 MBytes   165 Mbits/sec  172    307 KBytes       
[ 19][TX-C] 210.01-220.01 sec   118 MBytes  99.4 Mbits/sec  129    294 KBytes       
[SUM][TX-C] 210.01-220.01 sec  1.06 GBytes   910 Mbits/sec  1201             
[ 21][RX-C] 210.01-220.01 sec  76.6 MBytes  64.3 Mbits/sec                  
[ 23][RX-C] 210.01-220.01 sec   115 MBytes  96.7 Mbits/sec                  
[ 25][RX-C] 210.01-220.01 sec   119 MBytes  99.7 Mbits/sec                  
[ 27][RX-C] 210.01-220.01 sec  68.4 MBytes  57.4 Mbits/sec                  
[ 29][RX-C] 210.01-220.01 sec  89.9 MBytes  75.4 Mbits/sec                  
[ 31][RX-C] 210.01-220.01 sec   115 MBytes  96.8 Mbits/sec                  
[ 33][RX-C] 210.01-220.01 sec   253 MBytes   212 Mbits/sec                  
[ 35][RX-C] 210.01-220.01 sec   278 MBytes   233 Mbits/sec                  
[SUM][RX-C] 210.01-220.01 sec  1.09 GBytes   935 Mbits/sec                  
- - - - - - - - - - - - - - - - - - - - - - - - -
[  5][TX-C] 220.01-230.01 sec   133 MBytes   112 Mbits/sec   86    356 KBytes       
[  7][TX-C] 220.01-230.01 sec   134 MBytes   113 Mbits/sec  172    245 KBytes       
[  9][TX-C] 220.01-230.01 sec   131 MBytes   110 Mbits/sec  129    307 KBytes       
[ 11][TX-C] 220.01-230.01 sec   135 MBytes   113 Mbits/sec   86    393 KBytes       
[ 13][TX-C] 220.01-230.01 sec   133 MBytes   111 Mbits/sec  129    311 KBytes       
[ 15][TX-C] 220.01-230.01 sec   132 MBytes   111 Mbits/sec   86    373 KBytes       
[ 17][TX-C] 220.01-230.01 sec   173 MBytes   145 Mbits/sec  215    276 KBytes       
[ 19][TX-C] 220.01-230.01 sec   131 MBytes   110 Mbits/sec  129    322 KBytes       
[SUM][TX-C] 220.01-230.01 sec  1.08 GBytes   925 Mbits/sec  1032             
[ 21][RX-C] 220.01-230.01 sec  56.0 MBytes  47.0 Mbits/sec                  
[ 23][RX-C] 220.01-230.01 sec  90.6 MBytes  76.0 Mbits/sec                  
[ 25][RX-C] 220.01-230.01 sec  91.2 MBytes  76.6 Mbits/sec                  
[ 27][RX-C] 220.01-230.01 sec  69.8 MBytes  58.5 Mbits/sec                  
[ 29][RX-C] 220.01-230.01 sec  89.2 MBytes  74.9 Mbits/sec                  
[ 31][RX-C] 220.01-230.01 sec  90.4 MBytes  75.8 Mbits/sec                  
[ 33][RX-C] 220.01-230.01 sec   314 MBytes   263 Mbits/sec                  
[ 35][RX-C] 220.01-230.01 sec   317 MBytes   266 Mbits/sec                  
[SUM][RX-C] 220.01-230.01 sec  1.09 GBytes   938 Mbits/sec                  
- - - - - - - - - - - - - - - - - - - - - - - - -
[  5][TX-C] 230.01-240.01 sec   137 MBytes   115 Mbits/sec  129    365 KBytes       
[  7][TX-C] 230.01-240.01 sec   127 MBytes   107 Mbits/sec  129    279 KBytes       
[  9][TX-C] 230.01-240.01 sec   118 MBytes  99.0 Mbits/sec  172    272 KBytes       
[ 11][TX-C] 230.01-240.01 sec   143 MBytes   120 Mbits/sec  125    325 KBytes       
[ 13][TX-C] 230.01-240.01 sec   133 MBytes   112 Mbits/sec  129    305 KBytes       
[ 15][TX-C] 230.01-240.01 sec   134 MBytes   112 Mbits/sec  123    380 KBytes       
[ 17][TX-C] 230.01-240.01 sec   173 MBytes   145 Mbits/sec  207    249 KBytes       
[ 19][TX-C] 230.01-240.01 sec   136 MBytes   114 Mbits/sec  128    270 KBytes       
[SUM][TX-C] 230.01-240.01 sec  1.07 GBytes   923 Mbits/sec  1142             
[ 21][RX-C] 230.01-240.01 sec  63.2 MBytes  53.1 Mbits/sec                  
[ 23][RX-C] 230.01-240.01 sec  91.1 MBytes  76.4 Mbits/sec                  
[ 25][RX-C] 230.01-240.01 sec  93.2 MBytes  78.2 Mbits/sec                  
[ 27][RX-C] 230.01-240.01 sec  68.1 MBytes  57.1 Mbits/sec                  
[ 29][RX-C] 230.01-240.01 sec  92.4 MBytes  77.5 Mbits/sec                  
[ 31][RX-C] 230.01-240.01 sec  92.6 MBytes  77.7 Mbits/sec                  
[ 33][RX-C] 230.01-240.01 sec   272 MBytes   228 Mbits/sec                  
[ 35][RX-C] 230.01-240.01 sec   343 MBytes   288 Mbits/sec                  
[SUM][RX-C] 230.01-240.01 sec  1.09 GBytes   937 Mbits/sec                  
- - - - - - - - - - - - - - - - - - - - - - - - -
[  5][TX-C] 240.01-250.01 sec   129 MBytes   108 Mbits/sec  114    382 KBytes       
[  7][TX-C] 240.01-250.01 sec   134 MBytes   113 Mbits/sec   86    368 KBytes       
[  9][TX-C] 240.01-250.01 sec   136 MBytes   114 Mbits/sec   86    363 KBytes       
[ 11][TX-C] 240.01-250.01 sec   136 MBytes   114 Mbits/sec   86    414 KBytes       
[ 13][TX-C] 240.01-250.01 sec   130 MBytes   109 Mbits/sec  129    337 KBytes       
[ 15][TX-C] 240.01-250.01 sec   132 MBytes   111 Mbits/sec  172    266 KBytes       
[ 17][TX-C] 240.01-250.01 sec   158 MBytes   133 Mbits/sec  172    260 KBytes       
[ 19][TX-C] 240.01-250.01 sec   132 MBytes   111 Mbits/sec  129    329 KBytes       
[SUM][TX-C] 240.01-250.01 sec  1.06 GBytes   912 Mbits/sec  974             
[ 21][RX-C] 240.01-250.01 sec  61.8 MBytes  51.8 Mbits/sec                  
[ 23][RX-C] 240.01-250.01 sec  73.9 MBytes  62.0 Mbits/sec                  
[ 25][RX-C] 240.01-250.01 sec  72.0 MBytes  60.4 Mbits/sec                  
[ 27][RX-C] 240.01-250.01 sec  60.4 MBytes  50.7 Mbits/sec                  
[ 29][RX-C] 240.01-250.01 sec   196 MBytes   164 Mbits/sec                  
[ 31][RX-C] 240.01-250.01 sec  73.6 MBytes  61.8 Mbits/sec                  
[ 33][RX-C] 240.01-250.01 sec   301 MBytes   253 Mbits/sec                  
[ 35][RX-C] 240.01-250.01 sec   277 MBytes   233 Mbits/sec                  
[SUM][RX-C] 240.01-250.01 sec  1.09 GBytes   936 Mbits/sec                  
- - - - - - - - - - - - - - - - - - - - - - - - -
[  5][TX-C] 250.01-260.01 sec   126 MBytes   106 Mbits/sec  172    272 KBytes       
[  7][TX-C] 250.01-260.01 sec   132 MBytes   111 Mbits/sec  193    233 KBytes       
[  9][TX-C] 250.01-260.01 sec   134 MBytes   112 Mbits/sec  129    369 KBytes       
[ 11][TX-C] 250.01-260.01 sec   133 MBytes   112 Mbits/sec  129    383 KBytes       
[ 13][TX-C] 250.01-260.01 sec   128 MBytes   108 Mbits/sec  172    262 KBytes       
[ 15][TX-C] 250.01-260.01 sec   135 MBytes   114 Mbits/sec   86    346 KBytes       
[ 17][TX-C] 250.01-260.01 sec   180 MBytes   151 Mbits/sec  172    351 KBytes       
[ 19][TX-C] 250.01-260.01 sec   127 MBytes   107 Mbits/sec  172    249 KBytes       
[SUM][TX-C] 250.01-260.01 sec  1.07 GBytes   919 Mbits/sec  1225             
[ 21][RX-C] 250.01-260.01 sec  58.8 MBytes  49.3 Mbits/sec                  
[ 23][RX-C] 250.01-260.01 sec  85.6 MBytes  71.8 Mbits/sec                  
[ 25][RX-C] 250.01-260.01 sec  89.2 MBytes  74.8 Mbits/sec                  
[ 27][RX-C] 250.01-260.01 sec  59.4 MBytes  49.8 Mbits/sec                  
[ 29][RX-C] 250.01-260.01 sec   117 MBytes  98.4 Mbits/sec                  
[ 31][RX-C] 250.01-260.01 sec  87.5 MBytes  73.4 Mbits/sec                  
[ 33][RX-C] 250.01-260.01 sec   296 MBytes   249 Mbits/sec                  
[ 35][RX-C] 250.01-260.01 sec   322 MBytes   270 Mbits/sec                  
[SUM][RX-C] 250.01-260.01 sec  1.09 GBytes   936 Mbits/sec                  
- - - - - - - - - - - - - - - - - - - - - - - - -
[  5][TX-C] 260.01-270.01 sec   134 MBytes   112 Mbits/sec  129    266 KBytes       
[  7][TX-C] 260.01-270.01 sec   120 MBytes   101 Mbits/sec  129    245 KBytes       
[  9][TX-C] 260.01-270.01 sec   128 MBytes   107 Mbits/sec  129    359 KBytes       
[ 11][TX-C] 260.01-270.01 sec   136 MBytes   114 Mbits/sec  129    352 KBytes       
[ 13][TX-C] 260.01-270.01 sec   133 MBytes   111 Mbits/sec   86    310 KBytes       
[ 15][TX-C] 260.01-270.01 sec   123 MBytes   103 Mbits/sec  165    257 KBytes       
[ 17][TX-C] 260.01-270.01 sec   189 MBytes   159 Mbits/sec  172    329 KBytes       
[ 19][TX-C] 260.01-270.01 sec   127 MBytes   107 Mbits/sec   86    318 KBytes       
[SUM][TX-C] 260.01-270.01 sec  1.06 GBytes   914 Mbits/sec  1025             
[ 21][RX-C] 260.01-270.01 sec  66.4 MBytes  55.7 Mbits/sec                  
[ 23][RX-C] 260.01-270.01 sec  81.6 MBytes  68.5 Mbits/sec                  
[ 25][RX-C] 260.01-270.01 sec  82.2 MBytes  69.0 Mbits/sec                  
[ 27][RX-C] 260.01-270.01 sec  63.8 MBytes  53.5 Mbits/sec                  
[ 29][RX-C] 260.01-270.01 sec   109 MBytes  91.3 Mbits/sec                  
[ 31][RX-C] 260.01-270.01 sec  81.5 MBytes  68.4 Mbits/sec                  
[ 33][RX-C] 260.01-270.01 sec   336 MBytes   282 Mbits/sec                  
[ 35][RX-C] 260.01-270.01 sec   297 MBytes   249 Mbits/sec                  
[SUM][RX-C] 260.01-270.01 sec  1.09 GBytes   938 Mbits/sec                  
- - - - - - - - - - - - - - - - - - - - - - - - -
[  5][TX-C] 270.01-280.01 sec   141 MBytes   118 Mbits/sec   43    437 KBytes       
[  7][TX-C] 270.01-280.01 sec   115 MBytes  96.4 Mbits/sec  129    249 KBytes       
[  9][TX-C] 270.01-280.01 sec   129 MBytes   108 Mbits/sec  129    296 KBytes       
[ 11][TX-C] 270.01-280.01 sec   133 MBytes   111 Mbits/sec  129    338 KBytes       
[ 13][TX-C] 270.01-280.01 sec   126 MBytes   106 Mbits/sec  129    300 KBytes       
[ 15][TX-C] 270.01-280.01 sec   134 MBytes   112 Mbits/sec   86    365 KBytes       
[ 17][TX-C] 270.01-280.01 sec   196 MBytes   165 Mbits/sec  215    269 KBytes       
[ 19][TX-C] 270.01-280.01 sec   124 MBytes   104 Mbits/sec  172    233 KBytes       
[SUM][TX-C] 270.01-280.01 sec  1.07 GBytes   921 Mbits/sec  1032             
[ 21][RX-C] 270.01-280.01 sec  63.0 MBytes  52.9 Mbits/sec                  
[ 23][RX-C] 270.01-280.01 sec   118 MBytes  99.1 Mbits/sec                  
[ 25][RX-C] 270.01-280.01 sec   118 MBytes  99.0 Mbits/sec                  
[ 27][RX-C] 270.01-280.01 sec  60.6 MBytes  50.9 Mbits/sec                  
[ 29][RX-C] 270.01-280.01 sec   105 MBytes  88.2 Mbits/sec                  
[ 31][RX-C] 270.01-280.01 sec   118 MBytes  98.6 Mbits/sec                  
[ 33][RX-C] 270.01-280.01 sec   204 MBytes   171 Mbits/sec                  
[ 35][RX-C] 270.01-280.01 sec   329 MBytes   276 Mbits/sec                  
[SUM][RX-C] 270.01-280.01 sec  1.09 GBytes   935 Mbits/sec                  
- - - - - - - - - - - - - - - - - - - - - - - - -
[  5][TX-C] 280.01-290.01 sec   136 MBytes   114 Mbits/sec  162    298 KBytes       
[  7][TX-C] 280.01-290.01 sec   126 MBytes   105 Mbits/sec  129    293 KBytes       
[  9][TX-C] 280.01-290.01 sec   119 MBytes  99.6 Mbits/sec  170    307 KBytes       
[ 11][TX-C] 280.01-290.01 sec   138 MBytes   116 Mbits/sec  129    321 KBytes       
[ 13][TX-C] 280.01-290.01 sec   121 MBytes   102 Mbits/sec  166    276 KBytes       
[ 15][TX-C] 280.01-290.01 sec   132 MBytes   111 Mbits/sec  172    293 KBytes       
[ 17][TX-C] 280.01-290.01 sec   186 MBytes   156 Mbits/sec  215    341 KBytes       
[ 19][TX-C] 280.01-290.01 sec   125 MBytes   105 Mbits/sec  129    297 KBytes       
[SUM][TX-C] 280.01-290.01 sec  1.06 GBytes   908 Mbits/sec  1272             
[ 21][RX-C] 280.01-290.01 sec  69.5 MBytes  58.3 Mbits/sec                  
[ 23][RX-C] 280.01-290.01 sec   115 MBytes  96.7 Mbits/sec                  
[ 25][RX-C] 280.01-290.01 sec   117 MBytes  97.8 Mbits/sec                  
[ 27][RX-C] 280.01-290.01 sec  69.5 MBytes  58.3 Mbits/sec                  
[ 29][RX-C] 280.01-290.01 sec  99.1 MBytes  83.2 Mbits/sec                  
[ 31][RX-C] 280.01-290.01 sec   117 MBytes  98.0 Mbits/sec                  
[ 33][RX-C] 280.01-290.01 sec   284 MBytes   238 Mbits/sec                  
[ 35][RX-C] 280.01-290.01 sec   244 MBytes   205 Mbits/sec                  
[SUM][RX-C] 280.01-290.01 sec  1.09 GBytes   935 Mbits/sec                  
- - - - - - - - - - - - - - - - - - - - - - - - -
[  5][TX-C] 290.01-300.01 sec   148 MBytes   124 Mbits/sec  129    288 KBytes       
[  7][TX-C] 290.01-300.01 sec   112 MBytes  94.0 Mbits/sec  172    205 KBytes       
[  9][TX-C] 290.01-300.01 sec   117 MBytes  98.0 Mbits/sec   86    365 KBytes       
[ 11][TX-C] 290.01-300.01 sec   152 MBytes   128 Mbits/sec   85    390 KBytes       
[ 13][TX-C] 290.01-300.01 sec   119 MBytes   100 Mbits/sec  129    247 KBytes       
[ 15][TX-C] 290.01-300.01 sec   142 MBytes   119 Mbits/sec   86    399 KBytes       
[ 17][TX-C] 290.01-300.01 sec   192 MBytes   161 Mbits/sec  172    300 KBytes       
[ 19][TX-C] 290.01-300.01 sec   115 MBytes  96.2 Mbits/sec  129    272 KBytes       
[SUM][TX-C] 290.01-300.01 sec  1.07 GBytes   920 Mbits/sec  988             
[ 21][RX-C] 290.01-300.01 sec  84.8 MBytes  71.1 Mbits/sec                  
[ 23][RX-C] 290.01-300.01 sec  82.4 MBytes  69.1 Mbits/sec                  
[ 25][RX-C] 290.01-300.01 sec  78.1 MBytes  65.5 Mbits/sec                  
[ 27][RX-C] 290.01-300.01 sec  87.9 MBytes  73.7 Mbits/sec                  
[ 29][RX-C] 290.01-300.01 sec  63.4 MBytes  53.2 Mbits/sec                  
[ 31][RX-C] 290.01-300.01 sec  94.2 MBytes  79.1 Mbits/sec                  
[ 33][RX-C] 290.01-300.01 sec   326 MBytes   273 Mbits/sec                  
[ 35][RX-C] 290.01-300.01 sec   300 MBytes   252 Mbits/sec                  
[SUM][RX-C] 290.01-300.01 sec  1.09 GBytes   937 Mbits/sec                  
- - - - - - - - - - - - - - - - - - - - - - - - -
[ ID][Role] Interval           Transfer     Bitrate         Retr
[  5][TX-C]   0.00-300.01 sec  4.06 GBytes   116 Mbits/sec  9551            sender
[  5][TX-C]   0.00-300.02 sec  4.06 GBytes   116 Mbits/sec                  receiver
[  7][TX-C]   0.00-300.01 sec  3.92 GBytes   112 Mbits/sec  9306            sender
[  7][TX-C]   0.00-300.02 sec  3.92 GBytes   112 Mbits/sec                  receiver
[  9][TX-C]   0.00-300.01 sec  3.94 GBytes   113 Mbits/sec  9406            sender
[  9][TX-C]   0.00-300.02 sec  3.93 GBytes   113 Mbits/sec                  receiver
[ 11][TX-C]   0.00-300.01 sec  4.05 GBytes   116 Mbits/sec  9569            sender
[ 11][TX-C]   0.00-300.02 sec  4.05 GBytes   116 Mbits/sec                  receiver
[ 13][TX-C]   0.00-300.01 sec  3.93 GBytes   112 Mbits/sec  9346            sender
[ 13][TX-C]   0.00-300.02 sec  3.92 GBytes   112 Mbits/sec                  receiver
[ 15][TX-C]   0.00-300.01 sec  4.01 GBytes   115 Mbits/sec  9418            sender
[ 15][TX-C]   0.00-300.02 sec  4.01 GBytes   115 Mbits/sec                  receiver
[ 17][TX-C]   0.00-300.01 sec  4.40 GBytes   126 Mbits/sec  8411            sender
[ 17][TX-C]   0.00-300.02 sec  4.40 GBytes   126 Mbits/sec                  receiver
[ 19][TX-C]   0.00-300.01 sec  3.92 GBytes   112 Mbits/sec  9324            sender
[ 19][TX-C]   0.00-300.02 sec  3.92 GBytes   112 Mbits/sec                  receiver
[SUM][TX-C]   0.00-300.01 sec  32.2 GBytes   923 Mbits/sec  74331             sender
[SUM][TX-C]   0.00-300.02 sec  32.2 GBytes   922 Mbits/sec                  receiver
[ 21][RX-C]   0.00-300.01 sec  4.77 GBytes   137 Mbits/sec  21434            sender
[ 21][RX-C]   0.00-300.02 sec  4.77 GBytes   137 Mbits/sec                  receiver
[ 23][RX-C]   0.00-300.01 sec  3.59 GBytes   103 Mbits/sec  15850            sender
[ 23][RX-C]   0.00-300.02 sec  3.59 GBytes   103 Mbits/sec                  receiver
[ 25][RX-C]   0.00-300.01 sec  3.58 GBytes   103 Mbits/sec  15142            sender
[ 25][RX-C]   0.00-300.02 sec  3.58 GBytes   102 Mbits/sec                  receiver
[ 27][RX-C]   0.00-300.01 sec  4.55 GBytes   130 Mbits/sec  21825            sender
[ 27][RX-C]   0.00-300.02 sec  4.55 GBytes   130 Mbits/sec                  receiver
[ 29][RX-C]   0.00-300.01 sec  4.91 GBytes   141 Mbits/sec  26005            sender
[ 29][RX-C]   0.00-300.02 sec  4.91 GBytes   140 Mbits/sec                  receiver
[ 31][RX-C]   0.00-300.01 sec  3.55 GBytes   102 Mbits/sec  15922            sender
[ 31][RX-C]   0.00-300.02 sec  3.55 GBytes   102 Mbits/sec                  receiver
[ 33][RX-C]   0.00-300.01 sec  3.51 GBytes   101 Mbits/sec  9413            sender
[ 33][RX-C]   0.00-300.02 sec  3.51 GBytes   101 Mbits/sec                  receiver
[ 35][RX-C]   0.00-300.01 sec  3.63 GBytes   104 Mbits/sec  9142            sender
[ 35][RX-C]   0.00-300.02 sec  3.63 GBytes   104 Mbits/sec                  receiver
[SUM][RX-C]   0.00-300.01 sec  32.1 GBytes   919 Mbits/sec  134733             sender
[SUM][RX-C]   0.00-300.02 sec  32.1 GBytes   919 Mbits/sec                  receiver

iperf Done.
