=== move-woomera-mtd START 2026-08-17T22:13:35+10:00 ===
2026-08-17T22:14:47.747405+10:00 === move-woomera-mtd RUN ===
2026-08-17T22:14:47.751270+10:00 tracked files (kept in place): 15
2026-08-17T22:14:47.778277+10:00 untracked-non-ignored: 0
2026-08-17T22:14:47.778310+10:00 git-ignored (dumps): 110
2026-08-17T22:14:47.778363+10:00 files to relocate: 110
2026-08-17T22:14:47.779690+10:00 OK        65536 de2f256064a0af79.. images/mtd/UNVR-74acb941a811-sysidea16-20260815-164103/UNVR-74acb941a811-ea16-mtd06-u-boot_env-65536B-20260815-164103.img -> DELETED src
2026-08-17T22:14:47.780204+10:00 OK        65536 de2f256064a0af79.. images/mtd/UNVR-74acb941a811-sysidea16-20260815-164103/UNVR-74acb941a811-ea16-mtd07-u-boot_env_redundant-65536B-20260815-164103.img -> DELETED src
2026-08-17T22:14:47.780711+10:00 OK        65536 71189f7fb6aed638.. images/mtd/UNVR-74acb941a811-sysidea16-20260815-164103/UNVR-74acb941a811-ea16-mtd08-Factory-65536B-20260815-164103.img -> DELETED src
2026-08-17T22:14:47.781130+10:00 OK        65536 5394094021e18872.. images/mtd/UNVR-74acb941a811-sysidea16-20260815-164103/UNVR-74acb941a811-ea16-mtd09-EEPROM-65536B-20260815-164103.img -> DELETED src
2026-08-17T22:14:47.781302+10:00 OK         4096 ad7facb2586fc6e9.. images/mtd/UNVR-74acb941a811-sysidea16-20260815-164103/UNVR-74acb941a811-ea16-mtd12-cksum-4096B-20260815-164103.img -> DELETED src
2026-08-17T22:14:47.785668+10:00 OK      2097152 4bda3a28f4ffe603.. images/mtd/UNVR-74acb941a811-sysidea16-20260815-164222/UNVR-74acb941a811-ea16-mtd00-al_boot-2097152B-20260815-164222.img -> DELETED src
2026-08-17T22:14:47.788168+10:00 OK      1048576 f5fb04aa5b882706.. images/mtd/UNVR-74acb941a811-sysidea16-20260815-164222/UNVR-74acb941a811-ea16-mtd01-device_tree-1048576B-20260815-164222.img -> DELETED src
2026-08-17T22:14:47.790323+10:00 OK      1048576 c811d24072dec7ed.. images/mtd/UNVR-74acb941a811-sysidea16-20260815-164222/UNVR-74acb941a811-ea16-mtd04-chike-1048576B-20260815-164222.img -> DELETED src
2026-08-17T22:14:47.793350+10:00 OK      1835008 8af165bc3754b498.. images/mtd/UNVR-74acb941a811-sysidea16-20260815-164222/UNVR-74acb941a811-ea16-mtd05-u-boot-1835008B-20260815-164222.img -> DELETED src
2026-08-17T22:14:47.812588+10:00 OK     14675968 0392220808645d2e.. images/mtd/UNVR-74acb941a811-sysidea16-20260815-164222/UNVR-74acb941a811-ea16-mtd11-config-14675968B-20260815-164222.img -> DELETED src
2026-08-17T22:14:47.812878+10:00 OK           40 eb193437097fed5b.. images/mtd/UNVR-74acb941a811-sysidea16-20260815-164222/unpacked/mtd11/version -> DELETED src
2026-08-17T22:14:47.834280+10:00 OK     16777216 b1ed33544a73bba5.. images/mtd/UNVR-74acb941a811-sysidea16-20260815-164356/UNVR-74acb941a811-ea16-mtd02-linux_kernel-16777216B-20260815-164356.img -> DELETED src
2026-08-17T22:14:49.559199+10:00 OK   1052770304 9e0b1f52a567638e.. images/mtd/UNVR-74acb941a811-sysidea16-20260815-164356/UNVR-74acb941a811-ea16-mtd03-rootfs-1052770304B-20260815-164356.img -> DELETED src
2026-08-17T22:14:49.582399+10:00 OK     16777216 15f6ce0a8a1f8f07.. images/mtd/UNVR-74acb941a811-sysidea16-20260815-164356/UNVR-74acb941a811-ea16-mtd10-recovery_kernel-16777216B-20260815-164356.img -> DELETED src
2026-08-17T22:14:49.604708+10:00 OK     16777216 b1ed33544a73bba5.. images/mtd/UNVR-74acb941a811-sysidea16-20260815-180449-pre-1.4.9/UNVR-74acb941a811-ea16-mtd02-linux_kernel-16777216B-20260815-180449.img -> DELETED src
2026-08-17T22:14:49.608400+10:00 OK      1835008 8af165bc3754b498.. images/mtd/UNVR-74acb941a811-sysidea16-20260815-180449-pre-1.4.9/UNVR-74acb941a811-ea16-mtd05-u-boot-1835008B-20260815-180449.img -> DELETED src
2026-08-17T22:14:49.609106+10:00 OK        65536 de2f256064a0af79.. images/mtd/UNVR-74acb941a811-sysidea16-20260815-180449-pre-1.4.9/UNVR-74acb941a811-ea16-mtd06-u-boot_env-65536B-20260815-180449.img -> DELETED src
2026-08-17T22:14:49.609663+10:00 OK        65536 de2f256064a0af79.. images/mtd/UNVR-74acb941a811-sysidea16-20260815-180449-pre-1.4.9/UNVR-74acb941a811-ea16-mtd07-u-boot_env_redundant-65536B-20260815-180449.img -> DELETED src
2026-08-17T22:14:49.610201+10:00 OK        65536 71189f7fb6aed638.. images/mtd/UNVR-74acb941a811-sysidea16-20260815-180449-pre-1.4.9/UNVR-74acb941a811-ea16-mtd08-Factory-65536B-20260815-180449.img -> DELETED src
2026-08-17T22:14:49.610633+10:00 OK        65536 5394094021e18872.. images/mtd/UNVR-74acb941a811-sysidea16-20260815-180449-pre-1.4.9/UNVR-74acb941a811-ea16-mtd09-EEPROM-65536B-20260815-180449.img -> DELETED src
2026-08-17T22:14:49.629914+10:00 OK     14675968 4eeb1b5ebc66349a.. images/mtd/UNVR-74acb941a811-sysidea16-20260815-180449-pre-1.4.9/UNVR-74acb941a811-ea16-mtd11-config-14675968B-20260815-180449.img -> DELETED src
2026-08-17T22:14:49.630169+10:00 OK         4096 ad7facb2586fc6e9.. images/mtd/UNVR-74acb941a811-sysidea16-20260815-180449-pre-1.4.9/UNVR-74acb941a811-ea16-mtd12-cksum-4096B-20260815-180449.img -> DELETED src
2026-08-17T22:14:49.651749+10:00 OK     16777216 b1ed33544a73bba5.. images/mtd/UNVR-74acb941a811-sysidea16-20260815-181104-pre-1.4.9/UNVR-74acb941a811-ea16-mtd02-linux_kernel-16777216B-20260815-181104.img -> DELETED src
2026-08-17T22:14:49.655196+10:00 OK      1835008 8af165bc3754b498.. images/mtd/UNVR-74acb941a811-sysidea16-20260815-181104-pre-1.4.9/UNVR-74acb941a811-ea16-mtd05-u-boot-1835008B-20260815-181104.img -> DELETED src
2026-08-17T22:14:49.655775+10:00 OK        65536 de2f256064a0af79.. images/mtd/UNVR-74acb941a811-sysidea16-20260815-181104-pre-1.4.9/UNVR-74acb941a811-ea16-mtd06-u-boot_env-65536B-20260815-181104.img -> DELETED src
2026-08-17T22:14:49.656307+10:00 OK        65536 de2f256064a0af79.. images/mtd/UNVR-74acb941a811-sysidea16-20260815-181104-pre-1.4.9/UNVR-74acb941a811-ea16-mtd07-u-boot_env_redundant-65536B-20260815-181104.img -> DELETED src
2026-08-17T22:14:49.656723+10:00 OK        65536 71189f7fb6aed638.. images/mtd/UNVR-74acb941a811-sysidea16-20260815-181104-pre-1.4.9/UNVR-74acb941a811-ea16-mtd08-Factory-65536B-20260815-181104.img -> DELETED src
2026-08-17T22:14:49.657184+10:00 OK        65536 5394094021e18872.. images/mtd/UNVR-74acb941a811-sysidea16-20260815-181104-pre-1.4.9/UNVR-74acb941a811-ea16-mtd09-EEPROM-65536B-20260815-181104.img -> DELETED src
2026-08-17T22:14:49.676486+10:00 OK     14675968 4eeb1b5ebc66349a.. images/mtd/UNVR-74acb941a811-sysidea16-20260815-181104-pre-1.4.9/UNVR-74acb941a811-ea16-mtd11-config-14675968B-20260815-181104.img -> DELETED src
2026-08-17T22:14:49.676799+10:00 OK         4096 ad7facb2586fc6e9.. images/mtd/UNVR-74acb941a811-sysidea16-20260815-181104-pre-1.4.9/UNVR-74acb941a811-ea16-mtd12-cksum-4096B-20260815-181104.img -> DELETED src
2026-08-17T22:14:49.698319+10:00 OK     16777216 b1ed33544a73bba5.. images/mtd/UNVR-74acb941a811-sysidea16-20260815-182349-pre-1.4.9/UNVR-74acb941a811-ea16-mtd02-linux_kernel-16777216B-20260815-182349.img -> DELETED src
2026-08-17T22:14:49.701538+10:00 OK      1835008 8af165bc3754b498.. images/mtd/UNVR-74acb941a811-sysidea16-20260815-182349-pre-1.4.9/UNVR-74acb941a811-ea16-mtd05-u-boot-1835008B-20260815-182349.img -> DELETED src
2026-08-17T22:14:49.702099+10:00 OK        65536 de2f256064a0af79.. images/mtd/UNVR-74acb941a811-sysidea16-20260815-182349-pre-1.4.9/UNVR-74acb941a811-ea16-mtd06-u-boot_env-65536B-20260815-182349.img -> DELETED src
2026-08-17T22:14:49.702485+10:00 OK        65536 de2f256064a0af79.. images/mtd/UNVR-74acb941a811-sysidea16-20260815-182349-pre-1.4.9/UNVR-74acb941a811-ea16-mtd07-u-boot_env_redundant-65536B-20260815-182349.img -> DELETED src
2026-08-17T22:14:49.702907+10:00 OK        65536 71189f7fb6aed638.. images/mtd/UNVR-74acb941a811-sysidea16-20260815-182349-pre-1.4.9/UNVR-74acb941a811-ea16-mtd08-Factory-65536B-20260815-182349.img -> DELETED src
2026-08-17T22:14:49.703316+10:00 OK        65536 5394094021e18872.. images/mtd/UNVR-74acb941a811-sysidea16-20260815-182349-pre-1.4.9/UNVR-74acb941a811-ea16-mtd09-EEPROM-65536B-20260815-182349.img -> DELETED src
2026-08-17T22:14:49.722076+10:00 OK     14675968 4eeb1b5ebc66349a.. images/mtd/UNVR-74acb941a811-sysidea16-20260815-182349-pre-1.4.9/UNVR-74acb941a811-ea16-mtd11-config-14675968B-20260815-182349.img -> DELETED src
2026-08-17T22:14:49.722350+10:00 OK         4096 ad7facb2586fc6e9.. images/mtd/UNVR-74acb941a811-sysidea16-20260815-182349-pre-1.4.9/UNVR-74acb941a811-ea16-mtd12-cksum-4096B-20260815-182349.img -> DELETED src
2026-08-17T22:14:49.743458+10:00 OK     16777216 b1ed33544a73bba5.. images/mtd/UNVR-74acb941a811-sysidea16-20260815-183100-pre-1.4.9/UNVR-74acb941a811-ea16-mtd02-linux_kernel-16777216B-20260815-183100.img -> DELETED src
2026-08-17T22:14:49.746373+10:00 OK      1835008 8af165bc3754b498.. images/mtd/UNVR-74acb941a811-sysidea16-20260815-183100-pre-1.4.9/UNVR-74acb941a811-ea16-mtd05-u-boot-1835008B-20260815-183100.img -> DELETED src
2026-08-17T22:14:49.746818+10:00 OK        65536 de2f256064a0af79.. images/mtd/UNVR-74acb941a811-sysidea16-20260815-183100-pre-1.4.9/UNVR-74acb941a811-ea16-mtd06-u-boot_env-65536B-20260815-183100.img -> DELETED src
2026-08-17T22:14:49.747231+10:00 OK        65536 de2f256064a0af79.. images/mtd/UNVR-74acb941a811-sysidea16-20260815-183100-pre-1.4.9/UNVR-74acb941a811-ea16-mtd07-u-boot_env_redundant-65536B-20260815-183100.img -> DELETED src
2026-08-17T22:14:49.747567+10:00 OK        65536 71189f7fb6aed638.. images/mtd/UNVR-74acb941a811-sysidea16-20260815-183100-pre-1.4.9/UNVR-74acb941a811-ea16-mtd08-Factory-65536B-20260815-183100.img -> DELETED src
2026-08-17T22:14:49.747916+10:00 OK        65536 5394094021e18872.. images/mtd/UNVR-74acb941a811-sysidea16-20260815-183100-pre-1.4.9/UNVR-74acb941a811-ea16-mtd09-EEPROM-65536B-20260815-183100.img -> DELETED src
2026-08-17T22:14:49.766842+10:00 OK     14675968 4eeb1b5ebc66349a.. images/mtd/UNVR-74acb941a811-sysidea16-20260815-183100-pre-1.4.9/UNVR-74acb941a811-ea16-mtd11-config-14675968B-20260815-183100.img -> DELETED src
2026-08-17T22:14:49.767098+10:00 OK         4096 ad7facb2586fc6e9.. images/mtd/UNVR-74acb941a811-sysidea16-20260815-183100-pre-1.4.9/UNVR-74acb941a811-ea16-mtd12-cksum-4096B-20260815-183100.img -> DELETED src
2026-08-17T22:14:49.788121+10:00 OK     16777216 e0d60517d31fa532.. images/mtd/UNVR-74acb941a811-sysidea16-20260815-185320-pre-2.3.14/UNVR-74acb941a811-ea16-mtd02-linux_kernel-16777216B-20260815-185320.img -> DELETED src
2026-08-17T22:14:49.791220+10:00 OK      1835008 8af165bc3754b498.. images/mtd/UNVR-74acb941a811-sysidea16-20260815-185320-pre-2.3.14/UNVR-74acb941a811-ea16-mtd05-u-boot-1835008B-20260815-185320.img -> DELETED src
2026-08-17T22:14:49.791675+10:00 OK        65536 de2f256064a0af79.. images/mtd/UNVR-74acb941a811-sysidea16-20260815-185320-pre-2.3.14/UNVR-74acb941a811-ea16-mtd06-u-boot_env-65536B-20260815-185320.img -> DELETED src
2026-08-17T22:14:49.792211+10:00 OK        65536 de2f256064a0af79.. images/mtd/UNVR-74acb941a811-sysidea16-20260815-185320-pre-2.3.14/UNVR-74acb941a811-ea16-mtd07-u-boot_env_redundant-65536B-20260815-185320.img -> DELETED src
2026-08-17T22:14:49.792591+10:00 OK        65536 71189f7fb6aed638.. images/mtd/UNVR-74acb941a811-sysidea16-20260815-185320-pre-2.3.14/UNVR-74acb941a811-ea16-mtd08-Factory-65536B-20260815-185320.img -> DELETED src
2026-08-17T22:14:49.793080+10:00 OK        65536 5394094021e18872.. images/mtd/UNVR-74acb941a811-sysidea16-20260815-185320-pre-2.3.14/UNVR-74acb941a811-ea16-mtd09-EEPROM-65536B-20260815-185320.img -> DELETED src
2026-08-17T22:14:49.812009+10:00 OK     14675968 9fcf68ffe07d4081.. images/mtd/UNVR-74acb941a811-sysidea16-20260815-185320-pre-2.3.14/UNVR-74acb941a811-ea16-mtd11-config-14675968B-20260815-185320.img -> DELETED src
2026-08-17T22:14:49.812235+10:00 OK         4096 ad7facb2586fc6e9.. images/mtd/UNVR-74acb941a811-sysidea16-20260815-185320-pre-2.3.14/UNVR-74acb941a811-ea16-mtd12-cksum-4096B-20260815-185320.img -> DELETED src
2026-08-17T22:14:49.833029+10:00 OK     16777216 e0d60517d31fa532.. images/mtd/UNVR-74acb941a811-sysidea16-20260815-190009-pre-2.3.14/UNVR-74acb941a811-ea16-mtd02-linux_kernel-16777216B-20260815-190009.img -> DELETED src
2026-08-17T22:14:49.836215+10:00 OK      1835008 8af165bc3754b498.. images/mtd/UNVR-74acb941a811-sysidea16-20260815-190009-pre-2.3.14/UNVR-74acb941a811-ea16-mtd05-u-boot-1835008B-20260815-190009.img -> DELETED src
2026-08-17T22:14:49.836671+10:00 OK        65536 de2f256064a0af79.. images/mtd/UNVR-74acb941a811-sysidea16-20260815-190009-pre-2.3.14/UNVR-74acb941a811-ea16-mtd06-u-boot_env-65536B-20260815-190009.img -> DELETED src
2026-08-17T22:14:49.837211+10:00 OK        65536 de2f256064a0af79.. images/mtd/UNVR-74acb941a811-sysidea16-20260815-190009-pre-2.3.14/UNVR-74acb941a811-ea16-mtd07-u-boot_env_redundant-65536B-20260815-190009.img -> DELETED src
2026-08-17T22:14:49.837647+10:00 OK        65536 71189f7fb6aed638.. images/mtd/UNVR-74acb941a811-sysidea16-20260815-190009-pre-2.3.14/UNVR-74acb941a811-ea16-mtd08-Factory-65536B-20260815-190009.img -> DELETED src
2026-08-17T22:14:49.838184+10:00 OK        65536 5394094021e18872.. images/mtd/UNVR-74acb941a811-sysidea16-20260815-190009-pre-2.3.14/UNVR-74acb941a811-ea16-mtd09-EEPROM-65536B-20260815-190009.img -> DELETED src
2026-08-17T22:14:49.856895+10:00 OK     14675968 9fcf68ffe07d4081.. images/mtd/UNVR-74acb941a811-sysidea16-20260815-190009-pre-2.3.14/UNVR-74acb941a811-ea16-mtd11-config-14675968B-20260815-190009.img -> DELETED src
2026-08-17T22:14:49.857156+10:00 OK         4096 ad7facb2586fc6e9.. images/mtd/UNVR-74acb941a811-sysidea16-20260815-190009-pre-2.3.14/UNVR-74acb941a811-ea16-mtd12-cksum-4096B-20260815-190009.img -> DELETED src
2026-08-17T22:14:49.860364+10:00 OK      1835008 8af165bc3754b498.. images/mtd/UNVR-74acb941a811-sysidea16-20260815-203030-on-2.3.14-pre-uboot-env/UNVR-74acb941a811-ea16-mtd00-u-boot-1835008B-20260815-203030.img -> DELETED src
2026-08-17T22:14:49.860874+10:00 OK        65536 de2f256064a0af79.. images/mtd/UNVR-74acb941a811-sysidea16-20260815-203030-on-2.3.14-pre-uboot-env/UNVR-74acb941a811-ea16-mtd01-u-boot_env-65536B-20260815-203030.img -> DELETED src
2026-08-17T22:14:49.861301+10:00 OK        65536 de2f256064a0af79.. images/mtd/UNVR-74acb941a811-sysidea16-20260815-203030-on-2.3.14-pre-uboot-env/UNVR-74acb941a811-ea16-mtd02-u-boot_env_redundant-65536B-20260815-203030.img -> DELETED src
2026-08-17T22:14:49.861659+10:00 OK        65536 71189f7fb6aed638.. images/mtd/UNVR-74acb941a811-sysidea16-20260815-203030-on-2.3.14-pre-uboot-env/UNVR-74acb941a811-ea16-mtd03-Factory-65536B-20260815-203030.img -> DELETED src
2026-08-17T22:14:49.862017+10:00 OK        65536 5394094021e18872.. images/mtd/UNVR-74acb941a811-sysidea16-20260815-203030-on-2.3.14-pre-uboot-env/UNVR-74acb941a811-ea16-mtd04-EEPROM-65536B-20260815-203030.img -> DELETED src
2026-08-17T22:14:49.880771+10:00 OK     14675968 5e7848c0372ce848.. images/mtd/UNVR-74acb941a811-sysidea16-20260815-203030-on-2.3.14-pre-uboot-env/UNVR-74acb941a811-ea16-mtd06-config-14675968B-20260815-203030.img -> DELETED src
2026-08-17T22:14:49.880991+10:00 OK         4096 ad7facb2586fc6e9.. images/mtd/UNVR-74acb941a811-sysidea16-20260815-203030-on-2.3.14-pre-uboot-env/UNVR-74acb941a811-ea16-mtd07-cksum-4096B-20260815-203030.img -> DELETED src
2026-08-17T22:14:49.901785+10:00 OK     16777216 e82f8e989903dc5c.. images/mtd/UNVR-74acb941a811-sysidea16-20260815-203030-on-2.3.14-pre-uboot-env/UNVR-74acb941a811-ea16-mtd09-linux_kernel-16777216B-20260815-203030.img -> DELETED src
2026-08-17T22:14:49.904985+10:00 OK      1835008 8af165bc3754b498.. images/mtd/UNVR-74acb941a811-sysidea16-20260815-204005-pre-3.1.16/UNVR-74acb941a811-ea16-mtd00-u-boot-1835008B-20260815-204005.img -> DELETED src
2026-08-17T22:14:49.905409+10:00 OK        65536 de2f256064a0af79.. images/mtd/UNVR-74acb941a811-sysidea16-20260815-204005-pre-3.1.16/UNVR-74acb941a811-ea16-mtd01-u-boot_env-65536B-20260815-204005.img -> DELETED src
2026-08-17T22:14:49.905793+10:00 OK        65536 764ee2ec520fdda6.. images/mtd/UNVR-74acb941a811-sysidea16-20260815-204005-pre-3.1.16/UNVR-74acb941a811-ea16-mtd02-u-boot_env_redundant-65536B-20260815-204005.img -> DELETED src
2026-08-17T22:14:49.906154+10:00 OK        65536 71189f7fb6aed638.. images/mtd/UNVR-74acb941a811-sysidea16-20260815-204005-pre-3.1.16/UNVR-74acb941a811-ea16-mtd03-Factory-65536B-20260815-204005.img -> DELETED src
2026-08-17T22:14:49.906501+10:00 OK        65536 5394094021e18872.. images/mtd/UNVR-74acb941a811-sysidea16-20260815-204005-pre-3.1.16/UNVR-74acb941a811-ea16-mtd04-EEPROM-65536B-20260815-204005.img -> DELETED src
2026-08-17T22:14:49.924958+10:00 OK     14675968 97a917524bac4e45.. images/mtd/UNVR-74acb941a811-sysidea16-20260815-204005-pre-3.1.16/UNVR-74acb941a811-ea16-mtd06-config-14675968B-20260815-204005.img -> DELETED src
2026-08-17T22:14:49.925206+10:00 OK         4096 ad7facb2586fc6e9.. images/mtd/UNVR-74acb941a811-sysidea16-20260815-204005-pre-3.1.16/UNVR-74acb941a811-ea16-mtd07-cksum-4096B-20260815-204005.img -> DELETED src
2026-08-17T22:14:49.946546+10:00 OK     16777216 e82f8e989903dc5c.. images/mtd/UNVR-74acb941a811-sysidea16-20260815-204005-pre-3.1.16/UNVR-74acb941a811-ea16-mtd09-linux_kernel-16777216B-20260815-204005.img -> DELETED src
2026-08-17T22:14:49.949647+10:00 OK      1835008 8af165bc3754b498.. images/mtd/UNVR-74acb941a811-sysidea16-20260815-210511-pre-4.1.22/UNVR-74acb941a811-ea16-mtd00-u-boot-1835008B-20260815-210511.img -> DELETED src
2026-08-17T22:14:49.950097+10:00 OK        65536 de2f256064a0af79.. images/mtd/UNVR-74acb941a811-sysidea16-20260815-210511-pre-4.1.22/UNVR-74acb941a811-ea16-mtd01-u-boot_env-65536B-20260815-210511.img -> DELETED src
2026-08-17T22:14:49.950518+10:00 OK        65536 764ee2ec520fdda6.. images/mtd/UNVR-74acb941a811-sysidea16-20260815-210511-pre-4.1.22/UNVR-74acb941a811-ea16-mtd02-u-boot_env_redundant-65536B-20260815-210511.img -> DELETED src
2026-08-17T22:14:49.950956+10:00 OK        65536 71189f7fb6aed638.. images/mtd/UNVR-74acb941a811-sysidea16-20260815-210511-pre-4.1.22/UNVR-74acb941a811-ea16-mtd03-Factory-65536B-20260815-210511.img -> DELETED src
2026-08-17T22:14:49.951318+10:00 OK        65536 5394094021e18872.. images/mtd/UNVR-74acb941a811-sysidea16-20260815-210511-pre-4.1.22/UNVR-74acb941a811-ea16-mtd04-EEPROM-65536B-20260815-210511.img -> DELETED src
2026-08-17T22:14:49.970647+10:00 OK     14675968 e217d48817819f85.. images/mtd/UNVR-74acb941a811-sysidea16-20260815-210511-pre-4.1.22/UNVR-74acb941a811-ea16-mtd06-config-14675968B-20260815-210511.img -> DELETED src
2026-08-17T22:14:49.970946+10:00 OK         4096 ad7facb2586fc6e9.. images/mtd/UNVR-74acb941a811-sysidea16-20260815-210511-pre-4.1.22/UNVR-74acb941a811-ea16-mtd07-cksum-4096B-20260815-210511.img -> DELETED src
2026-08-17T22:14:49.992087+10:00 OK     16777216 c5067ce31783795d.. images/mtd/UNVR-74acb941a811-sysidea16-20260815-210511-pre-4.1.22/UNVR-74acb941a811-ea16-mtd09-linux_kernel-16777216B-20260815-210511.img -> DELETED src
2026-08-17T22:14:49.995309+10:00 OK      1835008 8af165bc3754b498.. images/mtd/UNVR-74acb941a811-sysidea16-20260815-211552-post-4.1.22/UNVR-74acb941a811-ea16-mtd00-u-boot-1835008B-20260815-211552.img -> DELETED src
2026-08-17T22:14:49.995812+10:00 OK        65536 de2f256064a0af79.. images/mtd/UNVR-74acb941a811-sysidea16-20260815-211552-post-4.1.22/UNVR-74acb941a811-ea16-mtd01-u-boot_env-65536B-20260815-211552.img -> DELETED src
2026-08-17T22:14:49.996270+10:00 OK        65536 764ee2ec520fdda6.. images/mtd/UNVR-74acb941a811-sysidea16-20260815-211552-post-4.1.22/UNVR-74acb941a811-ea16-mtd02-u-boot_env_redundant-65536B-20260815-211552.img -> DELETED src
2026-08-17T22:14:49.996641+10:00 OK        65536 71189f7fb6aed638.. images/mtd/UNVR-74acb941a811-sysidea16-20260815-211552-post-4.1.22/UNVR-74acb941a811-ea16-mtd03-Factory-65536B-20260815-211552.img -> DELETED src
2026-08-17T22:14:49.997008+10:00 OK        65536 5394094021e18872.. images/mtd/UNVR-74acb941a811-sysidea16-20260815-211552-post-4.1.22/UNVR-74acb941a811-ea16-mtd04-EEPROM-65536B-20260815-211552.img -> DELETED src
2026-08-17T22:14:50.016280+10:00 OK     14675968 11078c43613a7e7a.. images/mtd/UNVR-74acb941a811-sysidea16-20260815-211552-post-4.1.22/UNVR-74acb941a811-ea16-mtd06-config-14675968B-20260815-211552.img -> DELETED src
2026-08-17T22:14:50.016546+10:00 OK         4096 ad7facb2586fc6e9.. images/mtd/UNVR-74acb941a811-sysidea16-20260815-211552-post-4.1.22/UNVR-74acb941a811-ea16-mtd07-cksum-4096B-20260815-211552.img -> DELETED src
2026-08-17T22:14:50.037450+10:00 OK     16777216 9a5531f1fcaa3a46.. images/mtd/UNVR-74acb941a811-sysidea16-20260815-211552-post-4.1.22/UNVR-74acb941a811-ea16-mtd09-linux_kernel-16777216B-20260815-211552.img -> DELETED src
2026-08-17T22:14:50.040568+10:00 OK      1835008 8af165bc3754b498.. images/mtd/UNVR-74acb941a811-sysidea16-20260815-211742-pre-5.1.25/UNVR-74acb941a811-ea16-mtd00-u-boot-1835008B-20260815-211742.img -> DELETED src
2026-08-17T22:14:50.041074+10:00 OK        65536 de2f256064a0af79.. images/mtd/UNVR-74acb941a811-sysidea16-20260815-211742-pre-5.1.25/UNVR-74acb941a811-ea16-mtd01-u-boot_env-65536B-20260815-211742.img -> DELETED src
2026-08-17T22:14:50.041518+10:00 OK        65536 764ee2ec520fdda6.. images/mtd/UNVR-74acb941a811-sysidea16-20260815-211742-pre-5.1.25/UNVR-74acb941a811-ea16-mtd02-u-boot_env_redundant-65536B-20260815-211742.img -> DELETED src
2026-08-17T22:14:50.041891+10:00 OK        65536 71189f7fb6aed638.. images/mtd/UNVR-74acb941a811-sysidea16-20260815-211742-pre-5.1.25/UNVR-74acb941a811-ea16-mtd03-Factory-65536B-20260815-211742.img -> DELETED src
2026-08-17T22:14:50.042246+10:00 OK        65536 5394094021e18872.. images/mtd/UNVR-74acb941a811-sysidea16-20260815-211742-pre-5.1.25/UNVR-74acb941a811-ea16-mtd04-EEPROM-65536B-20260815-211742.img -> DELETED src
2026-08-17T22:14:50.061033+10:00 OK     14675968 1752334ec392b188.. images/mtd/UNVR-74acb941a811-sysidea16-20260815-211742-pre-5.1.25/UNVR-74acb941a811-ea16-mtd06-config-14675968B-20260815-211742.img -> DELETED src
2026-08-17T22:14:50.061281+10:00 OK         4096 ad7facb2586fc6e9.. images/mtd/UNVR-74acb941a811-sysidea16-20260815-211742-pre-5.1.25/UNVR-74acb941a811-ea16-mtd07-cksum-4096B-20260815-211742.img -> DELETED src
2026-08-17T22:14:50.082238+10:00 OK     16777216 9a5531f1fcaa3a46.. images/mtd/UNVR-74acb941a811-sysidea16-20260815-211742-pre-5.1.25/UNVR-74acb941a811-ea16-mtd09-linux_kernel-16777216B-20260815-211742.img -> DELETED src
2026-08-17T22:14:50.085418+10:00 OK      1835008 8af165bc3754b498.. images/mtd/UNVR-74acb941a811-sysidea16-20260815-212945-post-5.1.25-final/UNVR-74acb941a811-ea16-mtd00-u-boot-1835008B-20260815-212945.img -> DELETED src
2026-08-17T22:14:50.086090+10:00 OK        65536 de2f256064a0af79.. images/mtd/UNVR-74acb941a811-sysidea16-20260815-212945-post-5.1.25-final/UNVR-74acb941a811-ea16-mtd01-u-boot_env-65536B-20260815-212945.img -> DELETED src
2026-08-17T22:14:50.086552+10:00 OK        65536 764ee2ec520fdda6.. images/mtd/UNVR-74acb941a811-sysidea16-20260815-212945-post-5.1.25-final/UNVR-74acb941a811-ea16-mtd02-u-boot_env_redundant-65536B-20260815-212945.img -> DELETED src
2026-08-17T22:14:50.086938+10:00 OK        65536 71189f7fb6aed638.. images/mtd/UNVR-74acb941a811-sysidea16-20260815-212945-post-5.1.25-final/UNVR-74acb941a811-ea16-mtd03-Factory-65536B-20260815-212945.img -> DELETED src
2026-08-17T22:14:50.087346+10:00 OK        65536 5394094021e18872.. images/mtd/UNVR-74acb941a811-sysidea16-20260815-212945-post-5.1.25-final/UNVR-74acb941a811-ea16-mtd04-EEPROM-65536B-20260815-212945.img -> DELETED src
2026-08-17T22:14:50.105890+10:00 OK     14675968 cffa1134b341ccc8.. images/mtd/UNVR-74acb941a811-sysidea16-20260815-212945-post-5.1.25-final/UNVR-74acb941a811-ea16-mtd06-config-14675968B-20260815-212945.img -> DELETED src
2026-08-17T22:14:50.106135+10:00 OK         4096 ad7facb2586fc6e9.. images/mtd/UNVR-74acb941a811-sysidea16-20260815-212945-post-5.1.25-final/UNVR-74acb941a811-ea16-mtd07-cksum-4096B-20260815-212945.img -> DELETED src
2026-08-17T22:14:50.127105+10:00 OK     16777216 9fe358d63bf0a77f.. images/mtd/UNVR-74acb941a811-sysidea16-20260815-212945-post-5.1.25-final/UNVR-74acb941a811-ea16-mtd09-linux_kernel-16777216B-20260815-212945.img -> DELETED src
2026-08-17T22:14:50.127144+10:00 DONE: relocated+verified 110 files, 1509949480 bytes
2026-08-17T22:14:50.128090+10:00 wrote manifest: /mnt/2tb/git_debris/woomera-mtd/SHA256SUMS.txt
2026-08-17T22:15:50+10:00 SUMMARY: 110 files (109 .img + 1 unpacked 'version') relocated & sha256-verified; 1509949480 bytes; 0 mismatches; images/mtd now 136K (15 tracked README + new pointer README.md); dest 1.5G; 2 pre-existing empty snapshot dirs left in place (…-203005, UNVR-unknown-…).
