# named 89 of 310 functions via full __func__
0x0100057c	set_vectors	2
0x01000838	enabled	1
0x01000b34	dt_based_init	4
0x0100110c	stg3_early_init	16
0x01002460	stg3_board_init	10
0x01002df0	power_down_secondary_cpus	2
0x01002e90	dram_clear	1
0x01002f3c	eeprom_preload_parser	2
0x01003448	i2c_read	1
0x01003b24	al_pcie_int_adapter_pd	6
0x01003e74	pci_skip_dev	2
0x01003f7c	pll_fixup_crypto_boost	1
0x010040d8	al_udma_fast_desc_flags_set	6
0x01004584	al_udma_ring_id_get	16
0x01005504	read_toc_obj_hdr	1
0x01005918	right	2
0x010073ac	udelay	4
0x01007590	udelay	2
0x0100c2f0	al_pcie_read_config	4
0x0100c718	al_pcie_master_enable	4
0x0100c734	al_pcie_master_enable	4
0x0100cb78	__wd0_board_reset	2
0x0100cf4c	uart_is_input_available	1
0x0100d0e0	uart_write_byte	4
0x0100d204	uart_read_byte	2
0x0100d328	mspace_realloc	1
0x0100d398	abort	2
0x0100eaec	mspace_realloc	1
0x01012b84	al_iofic_abort_mask_clear	4
0x01012c94	al_iofic_abort_mask_clear	4
0x01012da4	al_iofic_abort_mask_clear	4
0x01012eb8	al_udma_init	4
0x0101332c	al_udma_q_init	2
0x010133cc	al_udma_q_is_enabled	2
0x010134c0	al_udma_state_set	8
0x01013818	al_udma_q_set_pointers	4
0x01013af4	al_udma_m2s_packet_size_cfg_set	4
0x01013c34	al_udma_m2s_max_descs_set	4
0x01013d6c	al_udma_iofic_s2m_error_ints_unmask	2
0x01013e50	al_udma_iofic_s2m_error_ints_unmask	2
0x010194d0	al_serdes_25g_reg_read	2
0x01019be4	al_serdes_25g_rx_diag_info_get	2
0x01019f68	al_serdes_25g_rx_leq_fsm_op	2
0x0101a0b0	al_serdes_25g_single_iteration_dosc_set	2
0x0101a1d8	al_serdes_25g_rx_equalization	6
0x0101af8c	al_serdes_25g_cdr_is_locked	2
0x0101bc3c	al_serdes_25g_qsample_pll_lock_check	3
0x0101bd6c	al_serdes_25g_tx_pll_wa_find_window	20
0x0101dc0c	al_serdes_hssp_group_ictl_pma_val_set	6
0x0101f4bc	al_serdes_hssp_group_cfg_eth_sgmii_2_5g_mode	2
0x01021b64	al_serdes_25g_group_ictl_pma_val_set	1
0x01021f14	al_ddr_cfg_init	2
0x010221cc	al_pbs_axi_timeout_set	4
0x01022328	al_bootstrap_parse	8
0x01022864	al_i2c_perform_write	4
0x01022ce8	al_i2c_read	2
0x01022e6c	al_uart_is_input_available	2
0x01022f00	al_uart_handle_init	8
0x010233b4	al_uart_is_input_available	2
0x0102383c	al_addr_map_dram_remap_set	2
0x01023ed4	al_pll_init	2
0x01023fd4	al_pll_freq_get	8
0x010244b8	al_timer_value_get	4
0x010245d4	al_timer_value_get	2
0x010246dc	al_timer_value_get	2
0x01024774	al_timer_value_get	2
0x01024824	al_timer_value_get	2
0x010248d4	al_timer_value_get	2
0x01024968	al_thermal_sensor_readout_get	8
0x01024bb8	al_thermal_sensor_readout_get	2
0x01024c60	al_thermal_sensor_readout_get	2
0x01024d14	al_thermal_sensor_readout_get	2
0x01024db8	al_thermal_sensor_readout_get	2
0x01024fdc	al_otp_read_word	6
0x0102515c	al_otp_read_word	4
0x01025300	al_sys_fabric_handle_init	6
0x01025484	al_sys_fabric_cluster_handle_init	6
0x010255e0	al_sys_fabric_cluster_pd_pu_timer_set	8
0x010257a4	al_sys_fabric_core_power_on_reset	8
0x0102596c	al_sys_fabric_core_reset_deassert	10
0x01025bcc	al_sys_fabric_core_aarch64_setup	10
0x01025e24	al_unit_adapter_handle_init	2
0x01026184	al_serdes_init	22
0x010275c0	al_flash_obj_data_load	1
0x01027a3c	al_flash_obj_id_to_str	4
0x01027c58	al_flash_toc_validate	2
0x01027e14	al_flash_toc_find_id_with_fallback	4
0x01027f70	al_flash_toc_stage2_active_instance_get_with_fallback	4
0x010280d8	al_flash_obj_header_read_and_validate	4
