2026-08-16T17:29:47+10:00  streaming ESC to catch U-Boot - POWER-CYCLE/REBOOT THE UNVR NOW (tag=7.1)
2026-08-16T17:32:47+10:00  did not reach U-Boot prompt within catch window
2026-08-16T17:34:34+10:00  streaming ESC to catch U-Boot - POWER-CYCLE/REBOOT THE UNVR NOW (tag=7.1)
2026-08-16T17:34:45+10:00  U-Boot prompt reached - firing netboot sequence
2026-08-16T17:34:53+10:00  uImage-unvr-ea16-7.1 loaded
2026-08-16T17:34:53+10:00  alpine-v2-ubnt-unvr-ea16-7.1.dtb loaded
2026-08-16T17:34:54+10:00  bootm handed off to kernel - watch console log for platform bring-up
2026-08-16T18:16:03+10:00  streaming ESC to catch U-Boot - POWER-CYCLE/REBOOT THE UNVR NOW (tag=7.1)
2026-08-16T18:16:03+10:00  U-Boot prompt reached - firing netboot sequence
2026-08-16T18:16:13+10:00  uImage-unvr-ea16-7.1 loaded
2026-08-16T18:16:13+10:00  alpine-v2-ubnt-unvr-ea16-7.1.dtb loaded
2026-08-16T18:16:13+10:00  bootm handed off to kernel - watch console log for platform bring-up
2026-08-16T18:42:27+10:00  streaming ESC to catch U-Boot - POWER-CYCLE/REBOOT THE UNVR NOW (tag=7.1-fedora)
2026-08-16T18:42:27+10:00  U-Boot prompt reached - firing netboot sequence
2026-08-16T18:43:07+10:00  TIMEOUT waiting for 'uImage-unvr-ea16-7.1-fedora tftp' after 40s (watch console log)
2026-08-16T18:46:28+10:00  streaming ESC to catch U-Boot - POWER-CYCLE/REBOOT THE UNVR NOW (tag=7.1-fedora)
2026-08-16T18:46:28+10:00  U-Boot prompt reached - firing netboot sequence
2026-08-16T18:46:37+10:00  uImage-unvr-ea16-7.1-fedora-gz loaded
2026-08-16T18:46:37+10:00  alpine-v2-ubnt-unvr-ea16-7.1-fedora.dtb loaded
2026-08-16T18:46:37+10:00  bootm handed off to kernel - watch console log for platform bring-up
2026-08-16T21:23:38+10:00  streaming ESC to catch U-Boot - POWER-CYCLE/REBOOT THE UNVR NOW (tag=7.1-fedora)
2026-08-16T21:23:38+10:00  U-Boot prompt reached - firing netboot sequence
2026-08-16T21:23:47+10:00  uImage-unvr-ea16-7.1-fedora-gz loaded
2026-08-16T21:23:47+10:00  alpine-v2-ubnt-unvr-ea16-7.1-fedora.dtb loaded
2026-08-16T21:23:47+10:00  bootm handed off to kernel - watch console log for platform bring-up
2026-08-17T16:52:01+10:00  streaming ESC to catch U-Boot - POWER-CYCLE/REBOOT THE UNVR NOW (tag=7.1-fedora)
2026-08-17T16:52:22+10:00  U-Boot prompt reached - firing netboot sequence
2026-08-17T16:52:30+10:00  uImage-unvr-ea16-7.1-fedora-gz loaded
2026-08-17T16:52:30+10:00  alpine-v2-ubnt-unvr-ea16-7.1.dtb loaded
2026-08-17T16:52:45+10:00  initramfs-dracut.img loaded at 0x20000000
2026-08-17T16:52:45+10:00  bootm handed off to kernel - watch console log for platform bring-up
