ping 192.168.25.145
0
   - 0 'al_eth_dm'
   - found
al_eth_adapter_init: non optimal adapter configuration
serdes: 25G PMA @ 00000000fd8c0000, configuring SFP+ lane 0 for fixed 10G (KR/AN/LT off)
"Error" handler, esr 0xbf000002
elr: 000000000114bda4 lr : 000000000114bda0 (reloc)
elr: 00000000bff96da4 lr : 00000000bff96da0
x0 : 00000000bad0add1 x1 : 0000000009034383
x2 : 00000000bff94b40 x3 : 0000000000000002
x4 : 00000000fd883000 x5 : 0000000000000030
x6 : 00000000bfb37a32 x7 : 00000000bfb37cac
x8 : 00000000bfb38560 x9 : 00000000bfb38b08
x10: 0000000000000000 x11: 0000000000000524
x12: 00000000bfb37d6c x13: 00000000bfb38560
x14: 00000000ffffffff x15: 00000000bfb37e0c
x16: 00000000bff90038 x17: 0000000000002b0c
x18: 00000000bfb3ade0 x19: 00000000bfb37ec8
x20: 00000000bfb42870 x21: 00000000fd8c0000
x22: 00000000bfb43cc0 x23: 00000000bfb43870
x24: 00000000bffef000 x25: 00000000bffef000
x26: 0000000000000012 x27: 0000000000000000
x28: 0000000000000000 x29: 00000000bfb37dc0

Code: 52800141 a95c8262 d63f0040 b9412ea0 (d5033fbf) 
Resetting CPU ...

resetting ...
ofnode_read_prop: assigned-clock-rates: <not found>
ofnode_read_prop: method: smc
Sending event 5/(unknown) to spy 'efi_disk add'
stage2_loader
<<MATCHED: stage2_loader>>
