2026-08-17T23:57:05+10:00  baseline (old kernel): 7.1.8-dirty
1
2026-08-17T23:57:05+10:00  sending reboot — watching console (cap 240s)...
2026-08-17T23:57:52+10:00  BOOT OK — login prompt seen
2026-08-17T23:57:53+10:00  re-logged in after reboot
2026-08-17T23:57:53+10:00  
=== kernel (rc=0) ===
7.1.8-dirty
2026-08-17T23:57:53+10:00  
=== /dev/mem MMIO (DDR MSTR @0xf0080000) (rc=0) ===
MSTR=0x81040610
2026-08-17T23:57:53+10:00  
=== eeprom@57 auto-bound (new DTB) (rc=0) ===
ls: cannot access '/sys/bus/i2c/devices/0-0057/eeprom': No such file or directory
2026-08-17T23:57:53+10:00  
=== i2c buses (i2c_gen should add one) (rc=0) ===
i2c-0	i2c       	Synopsys DesignWare I2C adapter 	I2C adapter
i2c-1	i2c       	i2c-0-mux (chan_id 0)           	I2C adapter
i2c-2	i2c       	i2c-0-mux (chan_id 1)           	I2C adapter
i2c-3	i2c       	i2c-0-mux (chan_id 2)           	I2C adapter
i2c-4	i2c       	i2c-0-mux (chan_id 3)           	I2C adapter
2026-08-17T23:57:53+10:00  
=== ttyS2 (rc=0) ===
/dev/ttyS2
2026-08-17T23:57:53+10:00  
=== temps (rc=0) ===
cpu_thermal_0 56000
adt7475 42250
2026-08-17T23:57:53+10:00  DONE — verification battery complete (see log)
