scsi scan
scanning bus for devices...
unbind ahci_scsi
Sending event 6/(unknown) to spy 'efi_disk del'
Sending event 6/(unknown) to spy 'efi_disk del'
Sending event 6/(unknown) to spy 'efi_disk del'
unbind ahci_scsi
Sending event 6/(unknown) to spy 'efi_disk del'
Sending event 6/(unknown) to spy 'efi_disk del'
Signature aa55 valid
count = 128 * 128 = 16384
start 0x28, size 0x64000, name EFI System Partition
Sending event 5/(unknown) to spy 'efi_disk add'
count = 128 * 128 = 16384
start 0x64028, size 0x746a2d60, name 
Sending event 5/(unknown) to spy 'efi_disk add'
count = 128 * 128 = 16384
Found an unused PTE GUID at 0xBFB49E40
Invalid partition number 3
count = 128 * 128 = 16384
Found an unused PTE GUID at 0xBFB49EC0
Invalid partition number 4
count = 128 * 128 = 16384
Found an unused PTE GUID at 0xBFB49F40
Invalid partition number 5
count = 128 * 128 = 16384
Found an unused PTE GUID at 0xBFB49FC0
Invalid partition number 6
count = 128 * 128 = 16384
Found an unused PTE GUID at 0xBFB4A040
Invalid partition number 7
count = 128 * 128 = 16384
Found an unused PTE GUID at 0xBFB4A0C0
Invalid partition number 8
count = 128 * 128 = 16384
Found an unused PTE GUID at 0xBFB4A140
Invalid partition number 9
count = 128 * 128 = 16384
Found an unused PTE GUID at 0xBFB4A1C0
Invalid partition number 10
count = 128 * 128 = 16384
Found an unused PTE GUID at 0xBFB4A240
Invalid partition number 11
count = 128 * 128 = 16384
Found an unused PTE GUID at 0xBFB4A2C0
Invalid partition number 12
count = 128 * 128 = 16384
Found an unused PTE GUID at 0xBFB4A340
Invalid partition number 13
count = 128 * 128 = 16384
Found an unused PTE GUID at 0xBFB4A3C0
Invalid partition number 14
count = 128 * 128 = 16384
Found an unused PTE GUID at 0xBFB4A440
Invalid partition number 15
count = 128 * 128 = 16384
Found an unused PTE GUID at 0xBFB4A4C0
Invalid partition number 16
count = 128 * 128 = 16384
Found an unused PTE GUID at 0xBFB4A540
Invalid partition number 17
count = 128 * 128 = 16384
Found an unused PTE GUID at 0xBFB4A5C0
Invalid partition number 18
count = 128 * 128 = 16384
Found an unused PTE GUID at 0xBFB4A640
Invalid partition number 19
count = 128 * 128 = 16384
Found an unused PTE GUID at 0xBFB4A6C0
Invalid partition number 20
count = 128 * 128 = 16384
Found an unused PTE GUID at 0xBFB4A740
Invalid partition number 21
count = 128 * 128 = 16384
Found an unused PTE GUID at 0xBFB4A7C0
Invalid partition number 22
count = 128 * 128 = 16384
Found an unused PTE GUID at 0xBFB4A840
Invalid partition number 23
count = 128 * 128 = 16384
Found an unused PTE GUID at 0xBFB4A8C0
Invalid partition number 24
count = 128 * 128 = 16384
Found an unused PTE GUID at 0xBFB4A940
Invalid partition number 25
count = 128 * 128 = 16384
Found an unused PTE GUID at 0xBFB4A9C0
Invalid partition number 26
count = 128 * 128 = 16384
Found an unused PTE GUID at 0xBFB4AA40
Invalid partition number 27
count = 128 * 128 = 16384
Found an unused PTE GUID at 0xBFB4AAC0
Invalid partition number 28
count = 128 * 128 = 16384
Found an unused PTE GUID at 0xBFB4AB40
Invalid partition number 29
count = 128 * 128 = 16384
Found an unused PTE GUID at 0xBFB4ABC0
Invalid partition number 30
count = 128 * 128 = 16384
Found an unused PTE GUID at 0xBFB4AC40
Invalid partition number 31
count = 128 * 128 = 16384
Found an unused PTE GUID at 0xBFB4ACC0
Invalid partition number 32
count = 128 * 128 = 16384
Found an unused PTE GUID at 0xBFB4AD40
Invalid partition number 33
count = 128 * 128 = 16384
Found an unused PTE GUID at 0xBFB4ADC0
Invalid partition number 34
count = 128 * 128 = 16384
Found an unused PTE GUID at 0xBFB4AE40
Invalid partition number 35
count = 128 * 128 = 16384
Found an unused PTE GUID at 0xBFB4AEC0
Invalid partition number 36
count = 128 * 128 = 16384
Found an unused PTE GUID at 0xBFB4AF40
Invalid partition number 37
count = 128 * 128 = 16384
Found an unused PTE GUID at 0xBFB4AFC0
Invalid partition number 38
count = 128 * 128 = 16384
Found an unused PTE GUID at 0xBFB4B040
Invalid partition number 39
count = 128 * 128 = 16384
Found an unused PTE GUID at 0xBFB4B0C0
Invalid partition number 40
count = 128 * 128 = 16384
Found an unused PTE GUID at 0xBFB4B140
Invalid partition number 41
count = 128 * 128 = 16384
Found an unused PTE GUID at 0xBFB4B1C0
Invalid partition number 42
count = 128 * 128 = 16384
Found an unused PTE GUID at 0xBFB4B240
Invalid partition number 43
count = 128 * 128 = 16384
Found an unused PTE GUID at 0xBFB4B2C0
Invalid partition number 44
count = 128 * 128 = 16384
Found an unused PTE GUID at 0xBFB4B340
Invalid partition number 45
count = 128 * 128 = 16384
Found an unused PTE GUID at 0xBFB4B3C0
Invalid partition number 46
count = 128 * 128 = 16384
Found an unused PTE GUID at 0xBFB4B440
Invalid partition number 47
count = 128 * 128 = 16384
Found an unused PTE GUID at 0xBFB4B4C0
Invalid partition number 48
count = 128 * 128 = 16384
Found an unused PTE GUID at 0xBFB4B540
Invalid partition number 49
count = 128 * 128 = 16384
Found an unused PTE GUID at 0xBFB4B5C0
Invalid partition number 50
count = 128 * 128 = 16384
Found an unused PTE GUID at 0xBFB4B640
Invalid partition number 51
count = 128 * 128 = 16384
Found an unused PTE GUID at 0xBFB4B6C0
Invalid partition number 52
count = 128 * 128 = 16384
Found an unused PTE GUID at 0xBFB4B740
Invalid partition number 53
count = 128 * 128 = 16384
Found an unused PTE GUID at 0xBFB4B7C0
Invalid partition number 54
count = 128 * 128 = 16384
Found an unused PTE GUID at 0xBFB4B840
Invalid partition number 55
count = 128 * 128 = 16384
Found an unused PTE GUID at 0xBFB4B8C0
Invalid partition number 56
count = 128 * 128 = 16384
Found an unused PTE GUID at 0xBFB4B940
Invalid partition number 57
count = 128 * 128 = 16384
Found an unused PTE GUID at 0xBFB4B9C0
Invalid partition number 58
count = 128 * 128 = 16384
Found an unused PTE GUID at 0xBFB4BA40
Invalid partition number 59
count = 128 * 128 = 16384
Found an unused PTE GUID at 0xBFB4BAC0
Invalid partition number 60
count = 128 * 128 = 16384
Found an unused PTE GUID at 0xBFB4BB40
Invalid partition number 61
count = 128 * 128 = 16384
Found an unused PTE GUID at 0xBFB4BBC0
Invalid partition number 62
count = 128 * 128 = 16384
Found an unused PTE GUID at 0xBFB4BC40
Invalid partition number 63
count = 128 * 128 = 16384
Found an unused PTE GUID at 0xBFB4BCC0
Invalid partition number 64
count = 128 * 128 = 16384
Found an unused PTE GUID at 0xBFB4BD40
Invalid partition number 65
count = 128 * 128 = 16384
Found an unused PTE GUID at 0xBFB4BDC0
Invalid partition number 66
count = 128 * 128 = 16384
Found an unused PTE GUID at 0xBFB4BE40
Invalid partition number 67
count = 128 * 128 = 16384
Found an unused PTE GUID at 0xBFB4BEC0
Invalid partition number 68
count = 128 * 128 = 16384
Found an unused PTE GUID at 0xBFB4BF40
Invalid partition number 69
count = 128 * 128 = 16384
Found an unused PTE GUID at 0xBFB4BFC0
Invalid partition number 70
count = 128 * 128 = 16384
Found an unused PTE GUID at 0xBFB4C040
Invalid partition number 71
count = 128 * 128 = 16384
Found an unused PTE GUID at 0xBFB4C0C0
Invalid partition number 72
count = 128 * 128 = 16384
Found an unused PTE GUID at 0xBFB4C140
Invalid partition number 73
count = 128 * 128 = 16384
Found an unused PTE GUID at 0xBFB4C1C0
Invalid partition number 74
count = 128 * 128 = 16384
Found an unused PTE GUID at 0xBFB4C240
Invalid partition number 75
count = 128 * 128 = 16384
Found an unused PTE GUID at 0xBFB4C2C0
Invalid partition number 76
count = 128 * 128 = 16384
Found an unused PTE GUID at 0xBFB4C340
Invalid partition number 77
count = 128 * 128 = 16384
Found an unused PTE GUID at 0xBFB4C3C0
Invalid partition number 78
count = 128 * 128 = 16384
Found an unused PTE GUID at 0xBFB4C440
Invalid partition number 79
count = 128 * 128 = 16384
Found an unused PTE GUID at 0xBFB4C4C0
Invalid partition number 80
count = 128 * 128 = 16384
Found an unused PTE GUID at 0xBFB4C540
Invalid partition number 81
count = 128 * 128 = 16384
Found an unused PTE GUID at 0xBFB4C5C0
Invalid partition number 82
count = 128 * 128 = 16384
Found an unused PTE GUID at 0xBFB4C640
Invalid partition number 83
count = 128 * 128 = 16384
Found an unused PTE GUID at 0xBFB4C6C0
Invalid partition number 84
count = 128 * 128 = 16384
Found an unused PTE GUID at 0xBFB4C740
Invalid partition number 85
count = 128 * 128 = 16384
Found an unused PTE GUID at 0xBFB4C7C0
Invalid partition number 86
count = 128 * 128 = 16384
Found an unused PTE GUID at 0xBFB4C840
Invalid partition number 87
count = 128 * 128 = 16384
Found an unused PTE GUID at 0xBFB4C8C0
Invalid partition number 88
count = 128 * 128 = 16384
Found an unused PTE GUID at 0xBFB4C940
Invalid partition number 89
count = 128 * 128 = 16384
Found an unused PTE GUID at 0xBFB4C9C0
Invalid partition number 90
count = 128 * 128 = 16384
Found an unused PTE GUID at 0xBFB4CA40
Invalid partition number 91
count = 128 * 128 = 16384
Found an unused PTE GUID at 0xBFB4CAC0
Invalid partition number 92
count = 128 * 128 = 16384
Found an unused PTE GUID at 0xBFB4CB40
Invalid partition number 93
count = 128 * 128 = 16384
Found an unused PTE GUID at 0xBFB4CBC0
Invalid partition number 94
count = 128 * 128 = 16384
Found an unused PTE GUID at 0xBFB4CC40
Invalid partition number 95
count = 128 * 128 = 16384
Found an unused PTE GUID at 0xBFB4CCC0
Invalid partition number 96
count = 128 * 128 = 16384
Found an unused PTE GUID at 0xBFB4CD40
Invalid partition number 97
count = 128 * 128 = 16384
Found an unused PTE GUID at 0xBFB4CDC0
Invalid partition number 98
count = 128 * 128 = 16384
Found an unused PTE GUID at 0xBFB4CE40
Invalid partition number 99
count = 128 * 128 = 16384
Found an unused PTE GUID at 0xBFB4CEC0
Invalid partition number 100
count = 128 * 128 = 16384
Found an unused PTE GUID at 0xBFB4CF40
Invalid partition number 101
count = 128 * 128 = 16384
Found an unused PTE GUID at 0xBFB4CFC0
Invalid partition number 102
count = 128 * 128 = 16384
Found an unused PTE GUID at 0xBFB4D040
Invalid partition number 103
count = 128 * 128 = 16384
Found an unused PTE GUID at 0xBFB4D0C0
Invalid partition number 104
count = 128 * 128 = 16384
Found an unused PTE GUID at 0xBFB4D140
Invalid partition number 105
count = 128 * 128 = 16384
Found an unused PTE GUID at 0xBFB4D1C0
Invalid partition number 106
count = 128 * 128 = 16384
Found an unused PTE GUID at 0xBFB4D240
Invalid partition number 107
count = 128 * 128 = 16384
Found an unused PTE GUID at 0xBFB4D2C0
Invalid partition number 108
count = 128 * 128 = 16384
Found an unused PTE GUID at 0xBFB4D340
Invalid partition number 109
count = 128 * 128 = 16384
Found an unused PTE GUID at 0xBFB4D3C0
Invalid partition number 110
count = 128 * 128 = 16384
Found an unused PTE GUID at 0xBFB4D440
Invalid partition number 111
count = 128 * 128 = 16384
Found an unused PTE GUID at 0xBFB4D4C0
Invalid partition number 112
count = 128 * 128 = 16384
Found an unused PTE GUID at 0xBFB4D540
Invalid partition number 113
count = 128 * 128 = 16384
Found an unused PTE GUID at 0xBFB4D5C0
Invalid partition number 114
count = 128 * 128 = 16384
Found an unused PTE GUID at 0xBFB4D640
Invalid partition number 115
count = 128 * 128 = 16384
Found an unused PTE GUID at 0xBFB4D6C0
Invalid partition number 116
count = 128 * 128 = 16384
Found an unused PTE GUID at 0xBFB4D740
Invalid partition number 117
count = 128 * 128 = 16384
Found an unused PTE GUID at 0xBFB4D7C0
Invalid partition number 118
count = 128 * 128 = 16384
Found an unused PTE GUID at 0xBFB4D840
Invalid partition number 119
count = 128 * 128 = 16384
Found an unused PTE GUID at 0xBFB4D8C0
Invalid partition number 120
count = 128 * 128 = 16384
Found an unused PTE GUID at 0xBFB4D940
Invalid partition number 121
count = 128 * 128 = 16384
Found an unused PTE GUID at 0xBFB4D9C0
Invalid partition number 122
count = 128 * 128 = 16384
Found an unused PTE GUID at 0xBFB4DA40
Invalid partition number 123
count = 128 * 128 = 16384
Found an unused PTE GUID at 0xBFB4DAC0
Invalid partition number 124
count = 128 * 128 = 16384
Found an unused PTE GUID at 0xBFB4DB40
Invalid partition number 125
count = 128 * 128 = 16384
Found an unused PTE GUID at 0xBFB4DBC0
Invalid partition number 126
count = 128 * 128 = 16384
Found an unused PTE GUID at 0xBFB4DC40
Invalid partition number 127
count = 128 * 128 = 16384
Found an unused PTE GUID at 0xBFB4DCC0
Invalid partition number 128
Sending event 5/(unknown) to spy 'efi_disk add'
count = 128 * 128 = 16384
start 0x28, size 0x64000, name EFI System Partition
count = 128 * 128 = 16384
count = 128 * 128 = 16384
start 0x28, size 0x64000, name EFI System Partition
 <2, 0, 1024>
Unrecognized filesystem type
count = 128 * 128 = 16384
start 0x64028, size 0x746a2d60, name 
count = 128 * 128 = 16384
count = 128 * 128 = 16384
start 0x64028, size 0x746a2d60, name 
 <2, 0, 1024>
 <8, 0, 64>
 <9392, 256, 128>
  Device 0: (2:0) Vendor: ATA Prod.: Samsung SSD 850 Rev: EMT0
            Type: Hard Disk
            Capacity: 953869.7 MB = 931.5 GB (1953525169 x 512)
Invalid signature 0
Sending event 5/(unknown) to spy 'efi_disk add'
 <2, 0, 1024>
 <8, 0, 64>
 <15912, 256, 128>
  Device 1: (0:0) Vendor: ATA Prod.: WDC WD82PURZ-85T Rev: 82.0
            Type: Hard Disk
            Capacity: 7630885.3 MB = 7452.0 GB (15628053169 x 512)
Invalid signature 0
Sending event 5/(unknown) to spy 'efi_disk add'
 <2, 0, 1024>
Unrecognized filesystem type
  Device 2: (2:0) Vendor: ATA Prod.: WDC WD82PURZ-85T Rev: 82.0
            Type: Hard Disk
            Capacity: 7630885.3 MB = 7452.0 GB (15628053169 x 512)
awto-nas# 
<<MATCHED: awto-nas#>>
