2026-08-15T16:18:56+10:00  INFO  image   : images/unvr-usb-07190176402AEE98.img
2026-08-15T16:18:56+10:00  INFO  mapfile : images/unvr-usb-07190176402AEE98.map
2026-08-15T16:18:56+10:00  INFO  ext4    : block size 4096, 1935360 blocks, 7.4 GiB device
2026-08-15T16:18:56+10:00  INFO  allocated: 871.4 MiB in 793 range(s)
2026-08-15T16:19:13+10:00  INFO  image   : images/unvr-usb-07190176402AEE98.img
2026-08-15T16:19:13+10:00  INFO  mapfile : images/unvr-usb-07190176402AEE98.map
2026-08-15T16:19:13+10:00  INFO  ext4    : block size 4096, 1935360 blocks, 7.4 GiB device
2026-08-15T16:19:13+10:00  INFO  allocated: 871.4 MiB in 793 range(s)
2026-08-15T16:19:13+10:00  INFO  rescued : 6.1 GiB in 17 range(s)
2026-08-15T16:19:13+10:00  ERROR INCOMPLETE - 5.8 MiB of allocated data not yet rescued, in 41 range(s):
2026-08-15T16:19:13+10:00  ERROR   0x0000c1820000 .. 0x0000c1870000  (320.0 KiB)
2026-08-15T16:19:13+10:00  ERROR   0x00010c000000 .. 0x00010c016000  (88.0 KiB)
2026-08-15T16:19:13+10:00  ERROR   0x00010c028000 .. 0x00010c02a000  (8.0 KiB)
2026-08-15T16:19:13+10:00  ERROR   0x000188000000 .. 0x0001883b3000  (3.7 MiB)
2026-08-15T16:19:13+10:00  ERROR   0x0001883b4000 .. 0x0001883bc000  (32.0 KiB)
2026-08-15T16:19:13+10:00  ERROR   0x000188430000 .. 0x000188440000  (64.0 KiB)
2026-08-15T16:19:13+10:00  ERROR   0x000188480000 .. 0x0001884a0000  (128.0 KiB)
2026-08-15T16:19:13+10:00  ERROR   0x0001884a8000 .. 0x0001884bf000  (92.0 KiB)
2026-08-15T16:19:13+10:00  ERROR   0x000188608000 .. 0x00018860c000  (16.0 KiB)
2026-08-15T16:19:13+10:00  ERROR   0x000188614000 .. 0x000188675000  (388.0 KiB)
2026-08-15T16:19:13+10:00  ERROR   0x000188900000 .. 0x000188918000  (96.0 KiB)
2026-08-15T16:19:13+10:00  ERROR   0x000188935000 .. 0x000188936000  (4.0 KiB)
2026-08-15T16:19:13+10:00  ERROR   0x00018894e000 .. 0x00018894f000  (4.0 KiB)
2026-08-15T16:19:13+10:00  ERROR   0x000188953000 .. 0x000188954000  (4.0 KiB)
2026-08-15T16:19:13+10:00  ERROR   0x000188975000 .. 0x000188976000  (4.0 KiB)
2026-08-15T16:19:13+10:00  ERROR   0x00018897a000 .. 0x00018897b000  (4.0 KiB)
2026-08-15T16:19:13+10:00  ERROR   0x00018897e000 .. 0x00018897f000  (4.0 KiB)
2026-08-15T16:19:13+10:00  ERROR   0x000188982000 .. 0x000188986000  (16.0 KiB)
2026-08-15T16:19:13+10:00  ERROR   0x00018899e000 .. 0x0001889a1000  (12.0 KiB)
2026-08-15T16:19:13+10:00  ERROR   0x0001889a7000 .. 0x0001889a8000  (4.0 KiB)
2026-08-15T16:19:13+10:00  ERROR   ... and 21 more
2026-08-15T16:19:55+10:00  INFO  image   : images/unvr-usb-07190176402AEE98.img
2026-08-15T16:19:55+10:00  INFO  mapfile : images/unvr-usb-07190176402AEE98.map
2026-08-15T16:19:55+10:00  INFO  ext4    : block size 4096, 1935360 blocks, 7.4 GiB device
2026-08-15T16:19:55+10:00  INFO  allocated: 871.4 MiB in 793 range(s)
2026-08-15T16:19:55+10:00  INFO  rescued : 6.1 GiB in 17 range(s)
2026-08-15T16:19:55+10:00  INFO  wrote domain mapfile images/unvr-usb-07190176402AEE98.domain.map (793 allocated range(s))
2026-08-15T16:19:55+10:00  INFO  finish only the data that matters with:
2026-08-15T16:19:55+10:00  INFO    sudo ddrescue --idirect -b 512 -v --domain-mapfile=images/unvr-usb-07190176402AEE98.domain.map \
2026-08-15T16:19:55+10:00  INFO         -r3 /dev/sdX images/unvr-usb-07190176402AEE98.img images/unvr-usb-07190176402AEE98.map
2026-08-15T16:19:55+10:00  ERROR INCOMPLETE - 1.0 MiB of allocated data not yet rescued, in 8 range(s):
2026-08-15T16:19:55+10:00  ERROR   0x0000c1820000 .. 0x0000c1870000  (320.0 KiB)
2026-08-15T16:19:55+10:00  ERROR   0x00010c000000 .. 0x00010c016000  (88.0 KiB)
2026-08-15T16:19:55+10:00  ERROR   0x00010c028000 .. 0x00010c02a000  (8.0 KiB)
2026-08-15T16:19:55+10:00  ERROR   0x000189400000 .. 0x000189474000  (464.0 KiB)
2026-08-15T16:19:55+10:00  ERROR   0x000189476000 .. 0x000189485000  (60.0 KiB)
2026-08-15T16:19:55+10:00  ERROR   0x000189600000 .. 0x000189613000  (76.0 KiB)
2026-08-15T16:19:55+10:00  ERROR   0x000189616000 .. 0x000189617000  (4.0 KiB)
2026-08-15T16:19:55+10:00  ERROR   0x00018961f000 .. 0x000189620000  (4.0 KiB)
2026-08-15T16:20:11+10:00  INFO  image   : images/unvr-usb-07190176402AEE98.img
2026-08-15T16:20:11+10:00  INFO  mapfile : images/unvr-usb-07190176402AEE98.map
2026-08-15T16:20:11+10:00  INFO  ext4    : block size 4096, 1935360 blocks, 7.4 GiB device
2026-08-15T16:20:11+10:00  INFO  allocated: 871.4 MiB in 793 range(s)
2026-08-15T16:20:11+10:00  INFO  rescued : 6.2 GiB in 17 range(s)
2026-08-15T16:20:11+10:00  ERROR INCOMPLETE - 416.0 KiB of allocated data not yet rescued, in 3 range(s):
2026-08-15T16:20:11+10:00  ERROR   0x0000c1820000 .. 0x0000c1870000  (320.0 KiB)
2026-08-15T16:20:11+10:00  ERROR   0x00010c000000 .. 0x00010c016000  (88.0 KiB)
2026-08-15T16:20:11+10:00  ERROR   0x00010c028000 .. 0x00010c02a000  (8.0 KiB)
2026-08-15T16:20:42+10:00  INFO  image   : images/unvr-usb-07190176402AEE98.img
2026-08-15T16:20:42+10:00  INFO  mapfile : images/unvr-usb-07190176402AEE98.map
2026-08-15T16:20:42+10:00  INFO  ext4    : block size 4096, 1935360 blocks, 7.4 GiB device
2026-08-15T16:20:42+10:00  INFO  allocated: 871.4 MiB in 793 range(s)
2026-08-15T16:20:42+10:00  INFO  rescued : 6.2 GiB in 17 range(s)
2026-08-15T16:20:42+10:00  INFO  COMPLETE - every allocated block has been rescued.
2026-08-15T16:20:42+10:00  INFO  The remaining un-rescued space is free space. Safe to stop.
2026-08-15T16:51:57+10:00  INFO  image   : images/unvr-usb-07190176402AEE98.img
2026-08-15T16:51:57+10:00  INFO  mapfile : images/unvr-usb-07190176402AEE98.map
2026-08-15T16:51:57+10:00  INFO  ext4    : block size 4096, 1935360 blocks, 7.4 GiB device
2026-08-15T16:51:57+10:00  INFO  allocated: 871.4 MiB in 793 range(s)
2026-08-15T16:51:57+10:00  INFO  rescued : 7.4 GiB in 9 range(s)
2026-08-15T16:51:57+10:00  ERROR INCOMPLETE - 3.0 KiB of allocated data not yet rescued, in 5 range(s):
2026-08-15T16:51:57+10:00  ERROR   0x0000c1824400 .. 0x0000c1824600  (512 B)
2026-08-15T16:51:57+10:00  ERROR   0x0000c1825e00 .. 0x0000c1826000  (512 B)
2026-08-15T16:51:57+10:00  ERROR   0x0000c1826a00 .. 0x0000c1826e00  (1.0 KiB)
2026-08-15T16:51:57+10:00  ERROR   0x0000c1827000 .. 0x0000c1827200  (512 B)
2026-08-15T16:51:57+10:00  ERROR   0x0000c1827a00 .. 0x0000c1827c00  (512 B)
